
          EFITD Version  11/23/2020


 type mode (2=file, 3=snap, 4=time, 5=input, 6=com file, 7=snap_ext, 8=pefit):

 number of time slices?

 type input file names:
 #
 table_di2 = </global/homes/t/tbechtel/efitall/efit_new/build/test/DIIID/green/>

      ******************** EFITD 65 x  65  output ********************
 before save fitting weights
 adjust fit parameters based on basis function selected 
 itek > 100, write out PLTOUT.OUT individually 
 option to symmetrize added 8/14/91 eal  
 read in limiter data

 r=  0 t=  2300 it=  1 chi2=4.31E+01 zm=-2.02E-02 err=1.738E+00 dz=-2.021E-02 delz= 0.000E+00 dj=0.000E+00
 r=  0 t=  2300 it=  2 chi2=2.57E+01 zm=-2.12E-02 err=1.021E-01 dz=-9.716E-04 delz= 0.000E+00 dj=0.000E+00
 r=  0 t=  2300 it=  3 chi2=2.58E+01 zm=-2.15E-02 err=1.672E-02 dz=-2.875E-04 delz= 0.000E+00 dj=0.000E+00
 r=  0 t=  2300 it=  4 chi2=3.97E+01 zm=-2.66E-02 err=1.067E-01 dz=-5.141E-03 delz= 8.024E-01 dj=1.790E-02
 r=  0 t=  2300 it=  5 chi2=2.18E+01 zm=-2.78E-02 err=6.362E-02 dz=-1.237E-03 delz= 0.000E+00 dj=1.790E-02
 r=  0 t=  2300 it=  6 chi2=2.19E+01 zm=-2.79E-02 err=3.634E-03 dz=-1.159E-05 delz= 0.000E+00 dj=1.790E-02
 r=  0 t=  2300 it=  7 chi2=2.39E+01 zm=-3.05E-02 err=3.793E-02 dz=-2.615E-03 delz= 3.555E-01 dj=7.425E-03
 r=  0 t=  2300 it=  8 chi2=2.16E+01 zm=-3.11E-02 err=1.453E-02 dz=-6.019E-04 delz= 9.776E-02 dj=1.955E-03
 r=  0 t=  2300 it=  9 chi2=2.16E+01 zm=-3.11E-02 err=4.107E-04 dz=-2.101E-05 delz= 7.021E-02 dj=1.442E-03
 r=  0 t=  2300 it= 10 chi2=2.16E+01 zm=-3.11E-02 err=1.781E-04 dz=-2.321E-05 delz= 7.407E-02 dj=1.514E-03
 r=  0 t=  2300 it= 11 chi2=2.16E+01 zm=-3.11E-02 err=2.235E-05 dz=-6.180E-06 delz= 7.347E-02 dj=1.502E-03

       data used:   
 39 flux loops
 65 magnetic probes(i)
  1 full rogowski
  0 diamagnetic loop


 shot #   =     186610 time(ms) =       2300 chi**2   =  2.147E+01
 betat(%) =      0.409 betap    =      0.107 li       =      1.129
 vol(cm3) =  1.785E+07 rout(cm) =    173.140 zout(cm) =      6.039
 elong    =      1.801 utriang  =      0.755 ltriang  =      0.356
 a(cm)    =     56.337 lin(cm)  =     15.073 lout(cm) =      5.593
 ltop(cm) =     15.891 q*       =      3.888 rc(cm)   =    170.415
 zc(cm)   =     -2.397 bt0(t)   =      1.631 qout     =      6.884
 netcdf needs to be linked to write m-files
