
          EFITD Version  04/21/2022


 type mode (2=file, 3=snap, 4=time, 5=input, 6=com file, 7=snap_ext, 8=pefit):

 type shot #, start time(ms), time step(ms), steps(<1001):
 Calling $Name: V3_09 $ of the mse shared library

      ******************** EFITD 65 x  65  output ********************
 table_dir = </fusion/projects/codes/efit/support_files/2006/181292/>

 r=  0 t=  2400 it=  1 chi2=4.13E+01 zm=-2.21E-02 err=1.805E+00 dz=-2.212E-02 delz= 0.000E+00 dj=0.000E+00 chigam= 0.00E+00
 r=  0 t=  2400 it=  2 chi2=2.76E+01 zm=-2.23E-02 err=7.086E-02 dz=-2.276E-04 delz= 0.000E+00 dj=0.000E+00 chigam= 9.94E+00
 r=  0 t=  2400 it=  3 chi2=2.86E+01 zm=-2.23E-02 err=4.644E-02 dz= 3.782E-06 delz= 0.000E+00 dj=0.000E+00 chigam= 9.76E+00
 r=  0 t=  2400 it=  4 chi2=4.32E+01 zm=-2.76E-02 err=2.522E-02 dz=-5.235E-03 delz= 1.036E+00 dj=2.399E-02 chigam= 1.07E+01
 r=  0 t=  2400 it=  5 chi2=2.77E+01 zm=-3.04E-02 err=1.373E-02 dz=-2.816E-03 delz= 5.919E-01 dj=1.373E-02 chigam= 1.01E+01
 r=  0 t=  2400 it=  6 chi2=2.33E+01 zm=-3.18E-02 err=7.641E-03 dz=-1.429E-03 delz= 3.332E-01 dj=7.793E-03 chigam= 9.86E+00
 r=  0 t=  2400 it=  7 chi2=2.21E+01 zm=-3.26E-02 err=4.329E-03 dz=-7.415E-04 delz= 2.007E-01 dj=4.744E-03 chigam= 9.82E+00
 r=  0 t=  2400 it=  8 chi2=2.17E+01 zm=-3.30E-02 err=2.524E-03 dz=-4.061E-04 delz= 1.352E-01 dj=3.218E-03 chigam= 9.83E+00
 r=  0 t=  2400 it=  9 chi2=2.17E+01 zm=-3.32E-02 err=1.789E-03 dz=-2.328E-04 delz= 1.009E-01 dj=2.416E-03 chigam= 9.84E+00
 r=  0 t=  2400 it= 10 chi2=2.16E+01 zm=-3.33E-02 err=1.287E-03 dz=-1.401E-04 delz= 8.250E-02 dj=1.984E-03 chigam= 9.85E+00
 r=  0 t=  2400 it= 11 chi2=2.16E+01 zm=-3.34E-02 err=9.280E-04 dz=-8.853E-05 delz= 7.229E-02 dj=1.745E-03 chigam= 9.85E+00
 Enter SHAPE kerror =             1            0

       data used:   
 39 flux loops
 69 magnetic probes(i)
  1 full rogowski
  0 diamagnetic loop


 shot #   =     186610 time(ms) =       2400 chi**2   =  2.152E+01
 betat(%) =      0.255 betap    =      0.067 li       =      1.188
 vol(cm3) =  1.774E+07 rout(cm) =    172.800 zout(cm) =      5.959
 elong    =      1.788 utriang  =      0.745 ltriang  =      0.349
 a(cm)    =     56.490 lin(cm)  =     14.579 lout(cm) =      5.780
 ltop(cm) =     16.388 q*       =      3.877 rc(cm)   =    170.293
 zc(cm)   =     -2.655 bt0(t)   =      1.638 qout     =      7.137
INFO in efitd at r=  0, t=  2400: Done processing
