
          EFITD Version  03/16/2022


 type mode (2=file, 3=snap, 4=time, 5=input, 6=com file, 7=snap_ext, 8=pefit):

 type shot #, start time(ms), time step(ms), steps(<1001):

      ******************** EFITD 65 x  65  output ********************
 table_dir = </fusion/projects/codes/efit/support_files/2006/181292/>

 r=  0 t=  2400 it=  1 chi2=4.13E+01 zm=-2.21E-02 err=1.805E+00 dz=-2.212E-02 delz= 0.000E+00 dj=0.000E+00
 r=  0 t=  2400 it=  2 chi2=2.51E+01 zm=-2.30E-02 err=1.033E-01 dz=-8.622E-04 delz= 0.000E+00 dj=0.000E+00
 r=  0 t=  2400 it=  3 chi2=2.48E+01 zm=-2.36E-02 err=4.515E-02 dz=-5.902E-04 delz= 0.000E+00 dj=0.000E+00
 r=  0 t=  2400 it=  4 chi2=3.57E+01 zm=-2.73E-02 err=1.216E-01 dz=-3.767E-03 delz= 6.156E-01 dj=1.498E-02
 r=  0 t=  2400 it=  5 chi2=2.12E+01 zm=-2.88E-02 err=6.600E-02 dz=-1.483E-03 delz= 0.000E+00 dj=1.498E-02
 r=  0 t=  2400 it=  6 chi2=2.14E+01 zm=-2.89E-02 err=3.334E-03 dz=-6.912E-05 delz= 0.000E+00 dj=1.498E-02
 r=  0 t=  2400 it=  7 chi2=2.33E+01 zm=-3.13E-02 err=4.040E-02 dz=-2.391E-03 delz= 3.151E-01 dj=6.948E-03
 r=  0 t=  2400 it=  8 chi2=2.11E+01 zm=-3.20E-02 err=1.300E-02 dz=-7.079E-04 delz= 8.906E-02 dj=1.879E-03
 r=  0 t=  2400 it=  9 chi2=2.10E+01 zm=-3.21E-02 err=1.967E-04 dz=-8.874E-05 delz= 6.035E-02 dj=1.302E-03
 r=  0 t=  2400 it= 10 chi2=2.10E+01 zm=-3.21E-02 err=6.111E-05 dz=-3.186E-05 delz= 5.958E-02 dj=1.281E-03
 Enter SHAPE kerror =             1            0

       data used:   
 39 flux loops
 69 magnetic probes(i)
  1 full rogowski
  0 diamagnetic loop


 shot #   =     186610 time(ms) =       2400 chi**2   =  2.090E+01
 betat(%) =      0.416 betap    =      0.110 li       =      1.130
 vol(cm3) =  1.780E+07 rout(cm) =    172.912 zout(cm) =      5.468
 elong    =      1.791 utriang  =      0.746 ltriang  =      0.352
 a(cm)    =     56.361 lin(cm)  =     14.819 lout(cm) =      5.797
 ltop(cm) =     16.924 q*       =      3.874 rc(cm)   =    170.276
 zc(cm)   =     -2.694 bt0(t)   =      1.638 qout     =      7.495
INFO in efitd at r=  0, t=  2400: Done processing
