
          EFIT-AI Version

 Git repository url git@gitlab.com:efit-ai/efit.git
 Git branch main
 Git hash 92b0940
 Git date 2023-04-24 20:13:52 +0000
 Simulation started on  5/18/2023 at 13:43:24
 Code compiled with GNU 9.2.0

 type mode (1=imas, 2=file, 3=snap, 4=time, 5=input, 6=com file, 7=snap_ext):

 type input file names:

 table_di2 = <../green/>
 ******************** EFIT 65 x 65 grid ********************

 r=  0 t=  2300 it=  1 chi2=4.31E+01 zm=-2.02E-02 err=3.477E+00 dz=-2.021E-02 delz= 0.000E+00 dj=0.000E+00 chigam= 0.00E+00

 r=  3 t=  2600 it=  1 chi2=4.18E+01 zm=-2.28E-02 err=3.841E+00 dz=-2.276E-02 delz= 0.000E+00 dj=0.000E+00 chigam= 0.00E+00

 r=  1 t=  2400 it=  1 chi2=4.13E+01 zm=-2.21E-02 err=3.610E+00 dz=-2.212E-02 delz= 0.000E+00 dj=0.000E+00 chigam= 0.00E+00

 r=  2 t=  2500 it=  1 chi2=4.48E+01 zm=-2.26E-02 err=3.722E+00 dz=-2.258E-02 delz= 0.000E+00 dj=0.000E+00 chigam= 0.00E+00
 r=  0 t=  2300 it=  2 chi2=6.80E+01 zm=-2.06E-02 err=6.991E-02 dz=-3.670E-04 delz= 0.000E+00 dj=0.000E+00 chigam= 1.90E+02
 r=  3 t=  2600 it=  2 chi2=1.82E+02 zm=-2.31E-02 err=2.074E-01 dz=-3.825E-04 delz= 0.000E+00 dj=0.000E+00 chigam= 2.94E+02
 r=  1 t=  2400 it=  2 chi2=5.03E+01 zm=-2.19E-02 err=7.799E-02 dz= 1.997E-04 delz= 0.000E+00 dj=0.000E+00 chigam= 1.67E+02
 r=  2 t=  2500 it=  2 chi2=9.45E+01 zm=-2.25E-02 err=7.811E-02 dz= 8.192E-05 delz= 0.000E+00 dj=0.000E+00 chigam= 2.54E+02
 r=  0 t=  2300 it=  3 chi2=7.81E+01 zm=-2.03E-02 err=5.330E-02 dz= 2.920E-04 delz= 0.000E+00 dj=0.000E+00 chigam= 1.80E+02
 r=  3 t=  2600 it=  3 chi2=2.83E+02 zm=-2.34E-02 err=1.404E-01 dz=-2.406E-04 delz= 0.000E+00 dj=0.000E+00 chigam= 3.28E+02
 r=  1 t=  2400 it=  3 chi2=5.09E+01 zm=-2.14E-02 err=6.004E-02 dz= 5.543E-04 delz= 0.000E+00 dj=0.000E+00 chigam= 1.61E+02
 r=  2 t=  2500 it=  3 chi2=1.42E+02 zm=-2.21E-02 err=5.229E-02 dz= 3.999E-04 delz= 0.000E+00 dj=0.000E+00 chigam= 2.52E+02
 r=  0 t=  2300 it=  4 chi2=1.23E+02 zm=-2.79E-02 err=4.498E-02 dz=-7.661E-03 delz= 1.632E+00 dj=7.207E-02 chigam= 1.89E+02
 r=  3 t=  2600 it=  4 chi2=2.97E+02 zm=-2.36E-02 err=7.580E-02 dz=-2.013E-04 delz= 0.000E+00 dj=0.000E+00 chigam= 3.20E+02
 r=  1 t=  2400 it=  4 chi2=5.56E+01 zm=-2.07E-02 err=2.739E-02 dz= 7.052E-04 delz= 0.000E+00 dj=0.000E+00 chigam= 1.51E+02
 r=  2 t=  2500 it=  4 chi2=2.47E+02 zm=-3.50E-02 err=6.720E-02 dz=-1.289E-02 delz= 2.864E+00 dj=1.107E-01 chigam= 2.94E+02
 r=  3 t=  2600 it=  5 chi2=3.01E+02 zm=-2.38E-02 err=4.270E-02 dz=-1.898E-04 delz= 0.000E+00 dj=0.000E+00 chigam= 3.15E+02
 r=  0 t=  2300 it=  5 chi2=1.05E+02 zm=-3.28E-02 err=2.650E-02 dz=-4.853E-03 delz= 8.945E-01 dj=4.014E-02 chigam= 1.87E+02
 r=  1 t=  2400 it=  5 chi2=8.89E+01 zm=-2.82E-02 err=3.330E-02 dz=-7.529E-03 delz= 1.656E+00 dj=4.676E-02 chigam= 1.50E+02
 r=  2 t=  2500 it=  5 chi2=2.21E+02 zm=-3.49E-02 err=3.017E-02 dz= 5.423E-05 delz= 0.000E+00 dj=1.107E-01 chigam= 2.80E+02
 r=  3 t=  2600 it=  6 chi2=3.02E+02 zm=-2.33E-02 err=2.472E-02 dz= 4.846E-04 delz=-1.329E-01 dj=4.280E-03 chigam= 3.13E+02
 r=  0 t=  2300 it=  6 chi2=1.09E+02 zm=-3.54E-02 err=1.886E-02 dz=-2.571E-03 delz= 5.258E-01 dj=2.365E-02 chigam= 1.87E+02
 r=  1 t=  2400 it=  6 chi2=5.75E+01 zm=-3.20E-02 err=2.070E-02 dz=-3.793E-03 delz= 8.988E-01 dj=2.587E-02 chigam= 1.48E+02
 r=  2 t=  2500 it=  6 chi2=2.65E+02 zm=-4.38E-02 err=4.286E-02 dz=-8.866E-03 delz= 1.884E+00 dj=7.572E-02 chigam= 3.09E+02
 r=  3 t=  2600 it=  7 chi2=3.03E+02 zm=-2.29E-02 err=1.539E-02 dz= 4.098E-04 delz=-1.211E-01 dj=3.858E-03 chigam= 3.13E+02
 r=  1 t=  2400 it=  7 chi2=5.00E+01 zm=-3.39E-02 err=1.354E-02 dz=-1.956E-03 delz= 5.069E-01 dj=1.457E-02 chigam= 1.47E+02
 r=  0 t=  2300 it=  7 chi2=1.17E+02 zm=-3.67E-02 err=1.378E-02 dz=-1.377E-03 delz= 2.937E-01 dj=1.330E-02 chigam= 1.87E+02
 r=  2 t=  2500 it=  7 chi2=2.68E+02 zm=-4.81E-02 err=2.845E-02 dz=-4.335E-03 delz= 1.016E+00 dj=4.200E-02 chigam= 3.05E+02
 r=  3 t=  2600 it=  8 chi2=3.03E+02 zm=-2.30E-02 err=1.064E-02 dz=-9.253E-05 delz=-2.536E-02 dj=8.054E-04 chigam= 3.13E+02
 r=  1 t=  2400 it=  8 chi2=4.92E+01 zm=-3.50E-02 err=9.193E-03 dz=-1.018E-03 delz= 3.049E-01 dj=8.758E-03 chigam= 1.47E+02
 r=  0 t=  2300 it=  8 chi2=1.24E+02 zm=-3.76E-02 err=1.040E-02 dz=-8.469E-04 delz= 1.750E-01 dj=7.968E-03 chigam= 1.88E+02
 r=  2 t=  2500 it=  8 chi2=2.89E+02 zm=-5.16E-02 err=2.093E-02 dz=-3.460E-03 delz= 6.398E-01 dj=2.666E-02 chigam= 3.13E+02
 r=  3 t=  2600 it=  9 chi2=3.02E+02 zm=-2.27E-02 err=7.375E-03 dz= 2.273E-04 delz=-8.932E-02 dj=2.823E-03 chigam= 3.14E+02
 r=  1 t=  2400 it=  9 chi2=4.98E+01 zm=-3.55E-02 err=6.361E-03 dz=-5.176E-04 delz= 1.951E-01 dj=5.606E-03 chigam= 1.47E+02
 r=  0 t=  2300 it=  9 chi2=1.30E+02 zm=-3.81E-02 err=7.855E-03 dz=-4.962E-04 delz= 9.049E-02 dj=4.125E-03 chigam= 1.89E+02
 r=  2 t=  2500 it=  9 chi2=3.03E+02 zm=-5.40E-02 err=1.588E-02 dz=-2.433E-03 delz= 4.948E-01 dj=2.087E-02 chigam= 3.09E+02
 r=  1 t=  2400 it= 10 chi2=5.06E+01 zm=-3.58E-02 err=4.539E-03 dz=-2.775E-04 delz= 1.403E-01 dj=4.031E-03 chigam= 1.47E+02
 r=  2 t=  2500 it= 10 chi2=3.19E+02 zm=-5.55E-02 err=1.152E-02 dz=-1.500E-03 delz= 2.787E-01 dj=1.173E-02 chigam= 3.13E+02
 r=  3 t=  2600 it= 10 chi2=3.01E+02 zm=-2.21E-02 err=5.320E-03 dz= 6.698E-04 delz=-1.794E-01 dj=5.692E-03 chigam= 3.15E+02
 r=  0 t=  2300 it= 10 chi2=1.35E+02 zm=-3.84E-02 err=6.099E-03 dz=-3.204E-04 delz= 4.991E-02 dj=2.278E-03 chigam= 1.89E+02
 r=  1 t=  2400 it= 11 chi2=5.14E+01 zm=-3.59E-02 err=3.204E-03 dz=-1.214E-04 delz= 1.019E-01 dj=2.928E-03 chigam= 1.47E+02
 r=  2 t=  2500 it= 11 chi2=3.31E+02 zm=-5.66E-02 err=8.998E-03 dz=-1.120E-03 delz= 2.108E-01 dj=8.938E-03 chigam= 3.14E+02
 r=  0 t=  2300 it= 11 chi2=1.39E+02 zm=-3.86E-02 err=4.594E-03 dz=-1.650E-04 delz= 1.246E-02 dj=5.692E-04 chigam= 1.90E+02
 r=  3 t=  2600 it= 11 chi2=3.01E+02 zm=-2.19E-02 err=4.335E-03 dz= 1.379E-04 delz=-7.642E-02 dj=2.424E-03 chigam= 3.15E+02
 r=  2 t=  2500 it= 12 chi2=3.44E+02 zm=-5.75E-02 err=6.917E-03 dz=-8.369E-04 delz= 1.071E-01 dj=4.550E-03 chigam= 3.14E+02
 r=  1 t=  2400 it= 12 chi2=5.20E+01 zm=-3.59E-02 err=2.337E-03 dz=-6.306E-05 delz= 8.611E-02 dj=2.474E-03 chigam= 1.47E+02
 r=  0 t=  2300 it= 12 chi2=1.41E+02 zm=-3.87E-02 err=3.555E-03 dz=-1.292E-04 delz= 4.713E-03 dj=2.153E-04 chigam= 1.91E+02
 r=  3 t=  2600 it= 12 chi2=3.01E+02 zm=-2.19E-02 err=3.561E-03 dz= 1.257E-05 delz=-5.322E-02 dj=1.691E-03 chigam= 3.16E+02
 r=  2 t=  2500 it= 13 chi2=3.51E+02 zm=-5.80E-02 err=5.111E-03 dz=-5.046E-04 delz= 4.839E-02 dj=2.058E-03 chigam= 3.13E+02
 r=  1 t=  2400 it= 13 chi2=5.27E+01 zm=-3.60E-02 err=1.837E-03 dz=-3.583E-05 delz= 7.707E-02 dj=2.214E-03 chigam= 1.47E+02
 r=  0 t=  2300 it= 13 chi2=1.43E+02 zm=-3.88E-02 err=2.925E-03 dz=-1.250E-04 delz=-6.244E-04 dj=2.842E-05 chigam= 1.91E+02
 r=  3 t=  2600 it= 13 chi2=3.01E+02 zm=-2.20E-02 err=2.950E-03 dz=-3.360E-05 delz=-4.565E-02 dj=1.452E-03 chigam= 3.16E+02
 r=  2 t=  2500 it= 14 chi2=3.57E+02 zm=-5.83E-02 err=3.765E-03 dz=-2.799E-04 delz=-1.007E-03 dj=4.277E-05 chigam= 3.13E+02
 r=  1 t=  2400 it= 14 chi2=5.30E+01 zm=-3.60E-02 err=1.284E-03 dz=-1.221E-06 delz= 6.687E-02 dj=1.925E-03 chigam= 1.47E+02
 r=  0 t=  2300 it= 14 chi2=1.45E+02 zm=-3.90E-02 err=2.465E-03 dz=-1.543E-04 delz= 4.499E-03 dj=2.046E-04 chigam= 1.92E+02
 r=  3 t=  2600 it= 14 chi2=3.00E+02 zm=-2.20E-02 err=2.471E-03 dz=-4.059E-05 delz=-4.574E-02 dj=1.456E-03 chigam= 3.17E+02
 r=  1 t=  2400 it= 15 chi2=5.34E+01 zm=-3.60E-02 err=9.400E-04 dz= 1.926E-05 delz= 5.957E-02 dj=1.716E-03 chigam= 1.47E+02
 r=  2 t=  2500 it= 15 chi2=3.62E+02 zm=-5.84E-02 err=2.749E-03 dz=-1.661E-04 delz=-3.658E-02 dj=1.554E-03 chigam= 3.14E+02
 r=  0 t=  2300 it= 15 chi2=1.47E+02 zm=-3.91E-02 err=2.046E-03 dz=-1.568E-04 delz= 3.664E-03 dj=1.665E-04 chigam= 1.92E+02
 r=  3 t=  2600 it= 15 chi2=3.00E+02 zm=-2.20E-02 err=2.059E-03 dz=-3.355E-05 delz=-4.853E-02 dj=1.546E-03 chigam= 3.17E+02
 r=  2 t=  2500 it= 16 chi2=3.65E+02 zm=-5.86E-02 err=2.230E-03 dz=-1.296E-04 delz=-4.181E-02 dj=1.777E-03 chigam= 3.14E+02
 r=  0 t=  2300 it= 16 chi2=1.48E+02 zm=-3.92E-02 err=1.527E-03 dz=-8.606E-05 delz=-1.362E-02 dj=6.190E-04 chigam= 1.93E+02
 r=  3 t=  2600 it= 16 chi2=3.00E+02 zm=-2.21E-02 err=1.732E-03 dz=-2.185E-05 delz=-5.213E-02 dj=1.661E-03 chigam= 3.18E+02
 r=  2 t=  2500 it= 17 chi2=3.69E+02 zm=-5.86E-02 err=1.725E-03 dz=-8.654E-05 delz=-5.325E-02 dj=2.264E-03 chigam= 3.15E+02
 r=  0 t=  2300 it= 17 chi2=1.49E+02 zm=-3.93E-02 err=1.179E-03 dz=-4.691E-05 delz=-2.269E-02 dj=1.031E-03 chigam= 1.93E+02
 r=  3 t=  2600 it= 17 chi2=2.99E+02 zm=-2.17E-02 err=2.438E-03 dz= 3.421E-04 delz=-1.253E-01 dj=4.005E-03 chigam= 3.18E+02
 r=  2 t=  2500 it= 18 chi2=3.71E+02 zm=-5.87E-02 err=1.358E-03 dz=-6.486E-05 delz=-5.947E-02 dj=2.529E-03 chigam= 3.15E+02
 r=  0 t=  2300 it= 18 chi2=1.50E+02 zm=-3.93E-02 err=9.149E-04 dz=-2.465E-05 delz=-2.946E-02 dj=1.339E-03 chigam= 1.93E+02
INFO in efit at r=  1, t=  2400: Done processing
 r=  3 t=  2600 it= 18 chi2=2.99E+02 zm=-2.17E-02 err=1.254E-03 dz= 1.728E-05 delz=-6.180E-02 dj=1.972E-03 chigam= 3.19E+02
 r=  2 t=  2500 it= 19 chi2=3.73E+02 zm=-5.88E-02 err=1.112E-03 dz=-5.380E-05 delz=-6.334E-02 dj=2.694E-03 chigam= 3.16E+02
 r=  0 t=  2300 it= 19 chi2=1.50E+02 zm=-3.94E-02 err=9.031E-04 dz=-8.150E-05 delz=-1.772E-02 dj=8.048E-04 chigam= 1.94E+02
 r=  3 t=  2600 it= 19 chi2=2.99E+02 zm=-2.17E-02 err=1.061E-03 dz= 2.325E-05 delz=-6.390E-02 dj=2.038E-03 chigam= 3.19E+02
 r=  2 t=  2500 it= 20 chi2=3.75E+02 zm=-5.89E-02 err=1.424E-03 dz=-1.108E-04 delz=-6.195E-02 dj=2.637E-03 chigam= 3.16E+02
 r=  0 t=  2300 it= 20 chi2=1.51E+02 zm=-3.95E-02 err=7.550E-04 dz=-7.461E-05 delz=-2.057E-02 dj=9.347E-04 chigam= 1.94E+02
 r=  3 t=  2600 it= 20 chi2=2.99E+02 zm=-2.17E-02 err=9.128E-04 dz=-4.270E-06 delz=-5.918E-02 dj=1.889E-03 chigam= 3.19E+02
 r=  2 t=  2500 it= 21 chi2=3.75E+02 zm=-5.89E-02 err=1.453E-03 dz= 2.489E-06 delz=-7.702E-02 dj=3.279E-03 chigam= 3.17E+02
 r=  0 t=  2300 it= 21 chi2=1.52E+02 zm=-3.95E-02 err=5.370E-04 dz=-2.946E-05 delz=-3.211E-02 dj=1.459E-03 chigam= 1.94E+02
 r=  3 t=  2600 it= 21 chi2=2.99E+02 zm=-2.17E-02 err=8.677E-04 dz=-5.136E-05 delz=-5.030E-02 dj=1.605E-03 chigam= 3.19E+02
 r=  2 t=  2500 it= 22 chi2=3.76E+02 zm=-5.89E-02 err=7.033E-04 dz=-1.955E-05 delz=-7.630E-02 dj=3.248E-03 chigam= 3.18E+02
 r=  0 t=  2300 it= 22 chi2=1.52E+02 zm=-3.95E-02 err=4.388E-04 dz=-1.313E-05 delz=-3.515E-02 dj=1.597E-03 chigam= 1.94E+02
 r=  3 t=  2600 it= 22 chi2=2.99E+02 zm=-2.18E-02 err=6.979E-04 dz=-2.429E-05 delz=-5.621E-02 dj=1.795E-03 chigam= 3.20E+02
 r=  2 t=  2500 it= 23 chi2=3.77E+02 zm=-5.89E-02 err=4.755E-04 dz=-2.291E-05 delz=-7.674E-02 dj=3.267E-03 chigam= 3.18E+02
 r=  0 t=  2300 it= 23 chi2=1.52E+02 zm=-3.95E-02 err=3.492E-04 dz=-6.033E-06 delz=-3.711E-02 dj=1.686E-03 chigam= 1.94E+02
 r=  3 t=  2600 it= 23 chi2=2.99E+02 zm=-2.18E-02 err=5.944E-04 dz=-1.622E-05 delz=-5.832E-02 dj=1.862E-03 chigam= 3.20E+02
 r=  2 t=  2500 it= 24 chi2=3.78E+02 zm=-5.90E-02 err=1.201E-03 dz=-4.316E-05 delz=-8.030E-02 dj=3.418E-03 chigam= 3.16E+02
 r=  0 t=  2300 it= 24 chi2=1.53E+02 zm=-3.95E-02 err=2.739E-04 dz=-2.369E-06 delz=-3.826E-02 dj=1.738E-03 chigam= 1.94E+02
 r=  3 t=  2600 it= 24 chi2=2.99E+02 zm=-2.18E-02 err=4.980E-04 dz=-1.121E-05 delz=-5.977E-02 dj=1.909E-03 chigam= 3.20E+02
 r=  2 t=  2500 it= 25 chi2=3.78E+02 zm=-5.89E-02 err=6.540E-04 dz= 1.388E-05 delz=-8.937E-02 dj=3.797E-03 chigam= 3.16E+02
 r=  0 t=  2300 it= 25 chi2=1.53E+02 zm=-3.95E-02 err=2.342E-04 dz=-2.250E-06 delz=-3.864E-02 dj=1.755E-03 chigam= 1.94E+02
 r=  3 t=  2600 it= 25 chi2=2.99E+02 zm=-2.18E-02 err=4.288E-04 dz=-8.756E-06 delz=-6.066E-02 dj=1.938E-03 chigam= 3.20E+02
 r=  2 t=  2500 it= 26 chi2=3.79E+02 zm=-5.89E-02 err=3.822E-04 dz= 8.483E-06 delz=-8.863E-02 dj=3.766E-03 chigam= 3.16E+02
WARNING in fit at r=  2, t=  2500: not converged, reached max iterations
 r=  0 t=  2300 it= 26 chi2=1.53E+02 zm=-3.95E-02 err=1.862E-04 dz=-1.111E-06 delz=-3.913E-02 dj=1.778E-03 chigam= 1.95E+02
WARNING in fit at r=  0, t=  2300: not converged, reached max iterations
 r=  3 t=  2600 it= 26 chi2=2.99E+02 zm=-2.18E-02 err=3.613E-04 dz=-6.394E-06 delz=-6.149E-02 dj=1.964E-03 chigam= 3.20E+02
WARNING in fit at r=  3, t=  2600: not converged, reached max iterations

  fit errors, shot  186610  2500. msec. all eqdsks are still written
     Error #1, Chisq >    80.
     Error #4, (MHD Ip-Exp Ip)/MHD Ip >     0.

       data used:   
 39 flux loops
 65 magnetic probes(i)
  1 full rogowski
  0 diamagnetic loop


 shot #   =     186610 time(ms) =       2300 chi**2   =  1.526E+02
 betat(%) =      0.362 betap    =      0.103 li       =      1.177
 vol(cm3) =  1.757E+07 rout(cm) =    172.758 zout(cm) =      4.317
 elong    =      1.785 utriang  =      0.736 ltriang  =      0.350
 a(cm)    =     56.227 lin(cm)  =     14.799 lout(cm) =      6.072
 ltop(cm) =     18.657 q*       =      4.000 rc(cm)   =    170.370
 zc(cm)   =     -3.485 bt0(t)   =      1.631 qout     =      6.931

  fit errors, shot  186610  2300. msec. all eqdsks are still written
     Error #1, Chisq >    80.

  fit errors, shot  186610  2600. msec. all eqdsks are still written
     Error #1, Chisq >    80.
INFO in efit at r=  2, t=  2500: Done processing
INFO in efit at r=  0, t=  2300: Done processing
INFO in efit at r=  3, t=  2600: Done processing
