
          EFIT-AI

Git repository url git@gitlab.com:efit-ai/efit.git

Git branch main

Git hash 2218630 with local modifications

Simulation started on  3/21/2022 at 12:45:28

Code compiled with PGI 18.7.0


 type mode (1=omas, 2=file, 3=snap, 4=time, 5=input, 6=com file, 7=snap_ext):

 type shot #, start time(ms), time step(ms), steps(<1001):
 table_di2 = <../green/>

      ********************EFITAI 65 x  65  output ********************

 r=  0 t=  2400 it=  1 chi2=4.13E+01 zm=-2.21E-02 err=1.805E+00 dz=-2.212E-02 delz= 0.000E+00 dj=0.000E+00

 r=  0 t=  2400 it=  2 chi2=2.47E+01 zm=-2.30E-02 err=1.048E-01 dz=-8.285E-04 delz= 0.000E+00 dj=0.000E+00
 r=  0 t=  2400 it=  3 chi2=2.43E+01 zm=-2.35E-02 err=4.815E-02 dz=-5.587E-04 delz= 0.000E+00 dj=0.000E+00
 r=  2 t=  2600 it=  1 chi2=4.18E+01 zm=-2.28E-02 err=1.921E+00 dz=-2.276E-02 delz= 0.000E+00 dj=0.000E+00

 r=  3 t=  2700 it=  1 chi2=7.69E+01 zm=-2.28E-02 err=1.948E+00 dz=-2.279E-02 delz= 0.000E+00 dj=0.000E+00

 r=  1 t=  2500 it=  1 chi2=4.48E+01 zm=-2.26E-02 err=1.861E+00 dz=-2.258E-02 delz= 0.000E+00 dj=0.000E+00
 r=  2 t=  2600 it=  2 chi2=2.55E+01 zm=-2.37E-02 err=1.030E-01 dz=-9.749E-04 delz= 0.000E+00 dj=0.000E+00
 r=  3 t=  2700 it=  2 chi2=2.24E+01 zm=-2.36E-02 err=1.090E-01 dz=-7.693E-04 delz= 0.000E+00 dj=0.000E+00
 r=  1 t=  2500 it=  2 chi2=2.56E+01 zm=-2.39E-02 err=1.026E-01 dz=-1.331E-03 delz= 0.000E+00 dj=0.000E+00
 r=  2 t=  2600 it=  3 chi2=2.56E+01 zm=-2.41E-02 err=3.136E-02 dz=-3.157E-04 delz= 0.000E+00 dj=0.000E+00
 r=  3 t=  2700 it=  3 chi2=2.25E+01 zm=-2.38E-02 err=3.580E-02 dz=-2.330E-04 delz= 0.000E+00 dj=0.000E+00
 r=  1 t=  2500 it=  3 chi2=2.51E+01 zm=-2.46E-02 err=2.976E-02 dz=-7.421E-04 delz= 0.000E+00 dj=0.000E+00
 r=  0 t=  2400 it=  4 chi2=4.25E+01 zm=-2.78E-02 err=1.494E-01 dz=-4.282E-03 delz= 7.850E-01 dj=1.917E-02
 r=  2 t=  2600 it=  4 chi2=4.66E+01 zm=-2.91E-02 err=1.419E-01 dz=-5.062E-03 delz= 8.932E-01 dj=2.123E-02
 r=  3 t=  2700 it=  4 chi2=4.03E+01 zm=-2.85E-02 err=1.299E-01 dz=-4.752E-03 delz= 8.327E-01 dj=1.922E-02
 r=  1 t=  2500 it=  4 chi2=4.69E+01 zm=-2.93E-02 err=1.567E-01 dz=-4.616E-03 delz= 8.789E-01 dj=2.111E-02
 r=  0 t=  2400 it=  5 chi2=1.92E+01 zm=-2.98E-02 err=8.836E-02 dz=-2.026E-03 delz= 0.000E+00 dj=1.917E-02
 r=  2 t=  2600 it=  5 chi2=1.94E+01 zm=-3.11E-02 err=8.255E-02 dz=-2.025E-03 delz= 0.000E+00 dj=2.123E-02
 r=  3 t=  2700 it=  5 chi2=1.80E+01 zm=-3.01E-02 err=8.442E-02 dz=-1.543E-03 delz= 0.000E+00 dj=1.922E-02
 r=  1 t=  2500 it=  5 chi2=1.90E+01 zm=-3.14E-02 err=9.567E-02 dz=-2.181E-03 delz= 0.000E+00 dj=2.111E-02
 r=  0 t=  2400 it=  6 chi2=1.94E+01 zm=-3.00E-02 err=4.154E-03 dz=-2.109E-04 delz= 0.000E+00 dj=1.917E-02
 r=  3 t=  2700 it=  6 chi2=1.83E+01 zm=-3.00E-02 err=4.697E-03 dz= 1.097E-04 delz= 0.000E+00 dj=1.922E-02
 r=  2 t=  2600 it=  6 chi2=1.97E+01 zm=-3.14E-02 err=3.804E-03 dz=-2.706E-04 delz= 0.000E+00 dj=2.123E-02
 r=  1 t=  2500 it=  6 chi2=1.93E+01 zm=-3.18E-02 err=4.759E-03 dz=-3.257E-04 delz= 0.000E+00 dj=2.111E-02
 r=  0 t=  2400 it=  7 chi2=2.25E+01 zm=-3.32E-02 err=5.156E-02 dz=-3.144E-03 delz= 4.202E-01 dj=9.174E-03
 r=  2 t=  2600 it=  7 chi2=2.25E+01 zm=-3.46E-02 err=4.822E-02 dz=-3.183E-03 delz= 4.174E-01 dj=9.006E-03
 r=  3 t=  2700 it=  7 chi2=2.12E+01 zm=-3.29E-02 err=4.441E-02 dz=-2.891E-03 delz= 4.121E-01 dj=8.724E-03
 r=  1 t=  2500 it=  7 chi2=2.31E+01 zm=-3.53E-02 err=5.176E-02 dz=-3.549E-03 delz= 4.778E-01 dj=1.025E-02
 r=  0 t=  2400 it=  8 chi2=1.89E+01 zm=-3.43E-02 err=1.476E-02 dz=-1.100E-03 delz= 1.284E-01 dj=2.656E-03
 r=  2 t=  2600 it=  8 chi2=1.92E+01 zm=-3.57E-02 err=1.229E-02 dz=-1.125E-03 delz= 1.363E-01 dj=2.793E-03
 r=  3 t=  2700 it=  8 chi2=1.81E+01 zm=-3.40E-02 err=8.297E-03 dz=-1.175E-03 delz= 1.705E-01 dj=3.442E-03
 r=  1 t=  2500 it=  8 chi2=1.87E+01 zm=-3.65E-02 err=1.369E-02 dz=-1.142E-03 delz= 1.369E-01 dj=2.778E-03
 r=  0 t=  2400 it=  9 chi2=1.88E+01 zm=-3.44E-02 err=1.764E-03 dz=-1.553E-04 delz= 8.336E-02 dj=1.779E-03
 r=  2 t=  2600 it=  9 chi2=1.91E+01 zm=-3.58E-02 err=3.242E-03 dz=-5.088E-05 delz= 6.929E-02 dj=1.462E-03
 r=  3 t=  2700 it=  9 chi2=1.78E+01 zm=-3.42E-02 err=1.993E-03 dz=-1.515E-04 delz= 1.115E-01 dj=2.302E-03
 r=  1 t=  2500 it=  9 chi2=1.86E+01 zm=-3.66E-02 err=1.148E-03 dz=-1.670E-04 delz= 8.738E-02 dj=1.834E-03
 r=  2 t=  2600 it= 10 chi2=1.91E+01 zm=-3.58E-02 err=4.952E-04 dz=-2.207E-05 delz= 7.356E-02 dj=1.550E-03
 r=  0 t=  2400 it= 10 chi2=1.88E+01 zm=-3.45E-02 err=3.746E-04 dz=-4.574E-05 delz= 8.170E-02 dj=1.738E-03
 r=  3 t=  2700 it= 10 chi2=1.78E+01 zm=-3.42E-02 err=7.645E-05 dz=-3.644E-05 delz= 1.088E-01 dj=2.245E-03
 r=  1 t=  2500 it= 10 chi2=1.86E+01 zm=-3.67E-02 err=8.218E-05 dz=-5.423E-05 delz= 8.525E-02 dj=1.783E-03
 r=  2 t=  2600 it= 11 chi2=1.91E+01 zm=-3.58E-02 err=4.511E-05 dz=-1.043E-05 delz= 7.366E-02 dj=1.550E-03
 r=  0 t=  2400 it= 11 chi2=1.88E+01 zm=-3.45E-02 err=3.030E-05 dz=-1.414E-05 delz= 8.080E-02 dj=1.717E-03

       data used:   
 39 flux loops
 65 magnetic probes(i)
  1 full rogowski
  0 diamagnetic loop


 shot #   =     186610 time(ms) =       2400 chi**2   =  1.871E+01
 betat(%) =      0.358 betap    =      0.095 li       =      1.153
 vol(cm3) =  1.774E+07 rout(cm) =    172.892 zout(cm) =      5.711
 elong    =      1.796 utriang  =      0.749 ltriang  =      0.352
 a(cm)    =     56.341 lin(cm)  =     14.821 lout(cm) =      5.836
 ltop(cm) =     16.450 q*       =      3.899 rc(cm)   =    170.182
 zc(cm)   =     -2.793 bt0(t)   =      1.638 qout     =      7.189
INFO in efit at r=  1, t=  2500: Done processing
INFO in efit at r=  3, t=  2700: Done processing
INFO in efit at r=  2, t=  2600: Done processing
INFO in efit at r=  0, t=  2400: Done processing
