 Reading namelist
 Calling matrix subroutine
 file name : fc6565.ddd
 file name : rfcoil.ddd
 file name : ep6565.ddd
 file name : re6565.ddd
 file name : rv6565.ddd
 file name : ra6565.ddd
 Calling grid subroutine
 file name : ec6565.ddd
