
  fit errors, shot  186610  2600. msec. no eqdsks will be written
     Error #21, Bp not consistent , error =  0.105E+00

  fit errors, shot  186610  2500. msec. no eqdsks will be written
     Error #21, Bp not consistent , error =  0.127E+00

  fit errors, shot  186610  2400. msec. no eqdsks will be written
     Error #21, Bp not consistent , error =  0.109E+00

  fit errors, shot  186610  2400. msec. no eqdsks will be written
     Error #21, Bp not consistent , error =  0.815E-01

  fit errors, shot  186610  2600. msec. no eqdsks will be written
     Error #21, Bp not consistent , error =  0.887E-01

  fit errors, shot  186610  2500. msec. no eqdsks will be written
     Error #21, Bp not consistent , error =  0.112E+00
