
          EFITD Version  03/16/2022


 type mode (2=file, 3=snap, 4=time, 5=input, 6=com file, 7=snap_ext, 8=pefit):

 type shot #, start time(ms), time step(ms), steps(<1001):

      ******************** EFITD 65 x  65  output ********************
 table_dir = </fusion/projects/codes/efit/support_files/2006/181292/>
 Enter SHAPE kerror =             1            0

       data used:   
 39 flux loops
 69 magnetic probes(i)
  1 full rogowski
  0 diamagnetic loop


 shot #   =     186610 time(ms) =       2400 chi**2   =  2.090E+01
 betat(%) =      0.416 betap    =      0.110 li       =      1.130
 vol(cm3) =  1.780E+07 rout(cm) =    172.912 zout(cm) =      5.468
 elong    =      1.791 utriang  =      0.746 ltriang  =      0.352
 a(cm)    =     56.361 lin(cm)  =     14.819 lout(cm) =      5.797
 ltop(cm) =     16.924 q*       =      3.874 rc(cm)   =    170.276
 zc(cm)   =     -2.694 bt0(t)   =      1.638 qout     =      7.495
INFO in efitd at r=  0, t=  2400: Done processing
