
          EFIT-AI

Git repository url git@gitlab.com:efit-ai/efit.git

Git branch jmcclena_nstx

Git hash ff90b78 

Git date 2022-09-14 10:03:46 -0700

Simulation started on  9/14/2022 at 11:53: 7

Code compiled with GNU 9.2.0


 type mode (1=omas, 2=file, 3=snap, 4=time, 5=input, 6=com file, 7=snap_ext):

 number of time slices?

 type input file names:
 #
 table_di2 = </home/mcclenaghanj/efit_ai/efit/build/test/NSTX/green/>

******************** EFIT-AI 65 x 65 grid ********************

 r=  0 t=   441 it=  1 chi2=6.44E+02 zm=-1.40E-03 err=5.320E+00 dz=-1.402E-03 chigam= 0.00E+00
 r=  0 t=   441 it=  2 chi2=2.08E+02 zm=-2.13E-03 err=3.083E-01 dz=-7.253E-04 chigam= 0.00E+00
 r=  0 t=   441 it=  3 chi2=1.89E+02 zm=-2.76E-03 err=1.183E-01 dz=-6.327E-04 chigam= 0.00E+00
 r=  0 t=   441 it=  4 chi2=1.84E+02 zm=-3.11E-03 err=5.716E-02 dz=-3.541E-04 chigam= 0.00E+00
 r=  0 t=   441 it=  5 chi2=1.83E+02 zm=-3.34E-03 err=3.674E-02 dz=-2.249E-04 chigam= 0.00E+00
 r=  0 t=   441 it=  6 chi2=1.84E+02 zm=-6.31E-07 err=2.547E-02 dz= 3.338E-03 chigam= 0.00E+00
 r=  0 t=   441 it=  7 chi2=1.85E+02 zm=-6.56E-07 err=1.833E-02 dz=-2.414E-08 chigam= 0.00E+00
 r=  0 t=   441 it=  8 chi2=1.86E+02 zm=-6.81E-07 err=1.252E-02 dz=-2.593E-08 chigam= 0.00E+00
 r=  0 t=   441 it=  9 chi2=1.85E+02 zm=-7.05E-07 err=7.688E-03 dz=-2.307E-08 chigam= 0.00E+00
 r=  0 t=   441 it= 10 chi2=1.87E+02 zm=-4.15E-03 err=8.072E-03 dz=-4.153E-03 chigam= 0.00E+00
 r=  0 t=   441 it= 11 chi2=1.88E+02 zm=-4.31E-03 err=6.627E-03 dz=-1.582E-04 chigam= 0.00E+00
 r=  0 t=   441 it= 12 chi2=1.89E+02 zm=-4.43E-03 err=4.896E-03 dz=-1.170E-04 chigam= 0.00E+00
 r=  0 t=   441 it= 13 chi2=1.89E+02 zm=-4.54E-03 err=2.751E-03 dz=-1.119E-04 chigam= 0.00E+00
 r=  0 t=   441 it= 14 chi2=1.89E+02 zm=-4.69E-03 err=2.572E-03 dz=-1.455E-04 chigam= 0.00E+00
 r=  0 t=   441 it= 15 chi2=1.89E+02 zm=-4.78E-03 err=1.758E-03 dz=-8.957E-05 chigam= 0.00E+00
 r=  0 t=   441 it= 16 chi2=1.90E+02 zm=-4.89E-03 err=1.517E-03 dz=-1.163E-04 chigam= 0.00E+00
 r=  0 t=   441 it= 17 chi2=1.90E+02 zm=-4.98E-03 err=1.282E-03 dz=-8.461E-05 chigam= 0.00E+00
 r=  0 t=   441 it= 18 chi2=1.90E+02 zm=-5.06E-03 err=1.083E-03 dz=-8.667E-05 chigam= 0.00E+00
 r=  0 t=   441 it= 19 chi2=1.90E+02 zm=-5.15E-03 err=9.161E-04 dz=-8.364E-05 chigam= 0.00E+00
 r=  0 t=   441 it= 20 chi2=1.90E+02 zm=-5.23E-03 err=7.554E-04 dz=-7.988E-05 chigam= 0.00E+00
 r=  0 t=   441 it= 21 chi2=1.90E+02 zm=-5.16E-03 err=1.543E-03 dz= 6.302E-05 chigam= 0.00E+00
 r=  0 t=   441 it= 22 chi2=1.91E+02 zm=-5.31E-03 err=1.202E-03 dz=-1.470E-04 chigam= 0.00E+00
 r=  0 t=   441 it= 23 chi2=1.91E+02 zm=-5.40E-03 err=7.934E-04 dz=-9.020E-05 chigam= 0.00E+00
 r=  0 t=   441 it= 24 chi2=1.90E+02 zm=-5.34E-03 err=1.411E-03 dz= 6.067E-05 chigam= 0.00E+00
 r=  0 t=   441 it= 25 chi2=1.91E+02 zm=-5.48E-03 err=1.171E-03 dz=-1.406E-04 chigam= 0.00E+00
 r=  0 t=   441 it= 26 chi2=1.90E+02 zm=-5.43E-03 err=1.230E-03 dz= 5.112E-05 chigam= 0.00E+00
WARNING in fit at r=  0, t=   441: not converged, reached max iterations

       data used:   
 45 flux loops
 73 magnetic probes(i)
  1 full rogowski
  1 diamagnetic loop


 shot #   =     204202 time(ms) =        441 chi**2   =  1.903E+02
 betat(%) =      5.611 betap    =      0.704 li       =      1.164
 vol(cm3) =  9.431E+06 rout(cm) =     94.766 zout(cm) =     -3.752
 elong    =      1.667 utriang  =      0.347 ltriang  =      0.491
 a(cm)    =     58.266 lin(cm)  =      5.020 lout(cm) =      0.000
 ltop(cm) =     43.638 q*       =      6.682 rc(cm)   =    103.518
 zc(cm)   =     -0.525 bt0(t)   =     -0.630 qout     =     10.450
INFO in efit at r=  0, t=   441: Done processing
