
          EFITD Version  04/21/2022


 type mode (2=file, 3=snap, 4=time, 5=input, 6=com file, 7=snap_ext, 8=pefit):

 number of time slices?

 type input file names:
 #

      ******************** EFITD 65 x  65  output ********************
 table_dir = </fusion/projects/codes/efit/support_files/2006/181292/>

 r=  0 t=  2400 it=  1 chi2=4.13E+01 zm=-2.21E-02 err=1.805E+00 dz=-2.212E-02 delz= 0.000E+00 dj=0.000E+00
 r=  0 t=  2400 it=  2 chi2=2.50E+01 zm=-2.30E-02 err=1.031E-01 dz=-8.632E-04 delz= 0.000E+00 dj=0.000E+00
 r=  0 t=  2400 it=  3 chi2=2.48E+01 zm=-2.36E-02 err=4.508E-02 dz=-5.913E-04 delz= 0.000E+00 dj=0.000E+00
 r=  0 t=  2400 it=  4 chi2=3.58E+01 zm=-2.73E-02 err=1.226E-01 dz=-3.757E-03 delz= 6.191E-01 dj=1.504E-02
 r=  0 t=  2400 it=  5 chi2=2.12E+01 zm=-2.88E-02 err=6.783E-02 dz=-1.511E-03 delz= 0.000E+00 dj=1.504E-02
 r=  0 t=  2400 it=  6 chi2=2.14E+01 zm=-2.89E-02 err=3.310E-03 dz=-7.639E-05 delz= 0.000E+00 dj=1.504E-02
 r=  0 t=  2400 it=  7 chi2=2.33E+01 zm=-3.13E-02 err=3.992E-02 dz=-2.378E-03 delz= 3.129E-01 dj=6.895E-03
 r=  0 t=  2400 it=  8 chi2=2.10E+01 zm=-3.20E-02 err=1.292E-02 dz=-6.967E-04 delz= 8.851E-02 dj=1.868E-03
 r=  0 t=  2400 it=  9 chi2=2.10E+01 zm=-3.21E-02 err=1.960E-04 dz=-8.690E-05 delz= 6.024E-02 dj=1.300E-03
 r=  0 t=  2400 it= 10 chi2=2.09E+01 zm=-3.21E-02 err=6.063E-05 dz=-3.134E-05 delz= 5.952E-02 dj=1.279E-03
 Enter SHAPE kerror =             1            0
 ifitvs, icutfp, fpolvs(ka) =             1            0 
    0.000000000000000     

       data used:   
 39 flux loops
 69 magnetic probes(i)
  1 full rogowski
  0 diamagnetic loop


 shot #   =     186610 time(ms) =       2400 chi**2   =  2.088E+01
 betat(%) =      0.417 betap    =      0.110 li       =      1.130
 vol(cm3) =  1.780E+07 rout(cm) =    172.912 zout(cm) =      5.466
 elong    =      1.791 utriang  =      0.746 ltriang  =      0.352
 a(cm)    =     56.359 lin(cm)  =     14.820 lout(cm) =      5.799
 ltop(cm) =     16.929 q*       =      3.874 rc(cm)   =    170.276
 zc(cm)   =     -2.694 bt0(t)   =      1.638 qout     =      7.495
INFO in efitd at r=  0, t=  2400: Done processing
