
  fit errors, shot  186610  2500. msec. all eqdsks are still written
     Error #21, Bp not consistent , error =  0.935E-01
