
          EFIT-AI Version

 Git repository url git@gitlab.com:efit-ai/efit.git
 Git branch main
 Git hash 92b0940
 Git date 2023-04-24 20:13:52 +0000
 Simulation started on  5/18/2023 at 13:44:22
 Code compiled with GNU 9.2.0

 type mode (1=imas, 2=file, 3=snap, 4=time, 5=input, 6=com file, 7=snap_ext):

 type shot #, start time(ms), time step(ms), steps:

 table_di2 = <../green/>
 Calling $Name: V4_05 $ of the mse 
 ******************** EFIT 65 x 65 grid ********************

 r=  3 t=  2700 it=  1 chi2=7.75E+01 zm=-2.28E-02 err=3.895E+00 dz=-2.279E-02 delz= 0.000E+00 dj=0.000E+00 chigam= 0.00E+00

 r=  2 t=  2600 it=  1 chi2=4.17E+01 zm=-2.28E-02 err=3.841E+00 dz=-2.276E-02 delz= 0.000E+00 dj=0.000E+00 chigam= 0.00E+00

 r=  1 t=  2500 it=  1 chi2=4.47E+01 zm=-2.26E-02 err=3.722E+00 dz=-2.258E-02 delz= 0.000E+00 dj=0.000E+00 chigam= 0.00E+00
 r=  3 t=  2700 it=  2 chi2=2.58E+01 zm=-2.31E-02 err=9.540E-02 dz=-2.806E-04 delz= 0.000E+00 dj=0.000E+00 chigam= 2.70E+00
 r=  2 t=  2600 it=  2 chi2=2.81E+01 zm=-2.31E-02 err=1.252E-01 dz=-3.283E-04 delz= 0.000E+00 dj=0.000E+00 chigam= 3.96E+00
 r=  1 t=  2500 it=  2 chi2=2.90E+01 zm=-2.29E-02 err=1.356E-01 dz=-3.536E-04 delz= 0.000E+00 dj=0.000E+00 chigam= 6.05E+00
 r=  3 t=  2700 it=  3 chi2=2.63E+01 zm=-2.31E-02 err=6.561E-02 dz= 6.944E-06 delz= 0.000E+00 dj=0.000E+00 chigam= 2.66E+00
 r=  2 t=  2600 it=  3 chi2=2.91E+01 zm=-2.32E-02 err=8.352E-02 dz=-6.780E-05 delz= 0.000E+00 dj=0.000E+00 chigam= 3.93E+00
 r=  1 t=  2500 it=  3 chi2=3.01E+01 zm=-2.31E-02 err=8.904E-02 dz=-1.546E-04 delz= 0.000E+00 dj=0.000E+00 chigam= 6.19E+00
 r=  3 t=  2700 it=  4 chi2=2.72E+01 zm=-2.29E-02 err=3.427E-02 dz= 1.499E-04 delz= 0.000E+00 dj=0.000E+00 chigam= 2.73E+00
 r=  2 t=  2600 it=  4 chi2=2.97E+01 zm=-2.32E-02 err=4.126E-02 dz=-3.389E-05 delz= 0.000E+00 dj=0.000E+00 chigam= 4.02E+00
 r=  1 t=  2500 it=  4 chi2=3.11E+01 zm=-2.31E-02 err=4.581E-02 dz=-5.837E-06 delz= 0.000E+00 dj=0.000E+00 chigam= 6.20E+00
 r=  3 t=  2700 it=  5 chi2=4.88E+01 zm=-2.95E-02 err=3.206E-02 dz=-6.567E-03 delz= 1.582E+00 dj=3.165E-02 chigam= 3.11E+00
 r=  2 t=  2600 it=  5 chi2=5.46E+01 zm=-3.00E-02 err=3.603E-02 dz=-6.796E-03 delz= 1.532E+00 dj=3.273E-02 chigam= 4.29E+00
 r=  1 t=  2500 it=  5 chi2=6.21E+01 zm=-3.10E-02 err=3.934E-02 dz=-7.865E-03 delz= 1.762E+00 dj=3.636E-02 chigam= 6.47E+00
 r=  3 t=  2700 it=  6 chi2=2.63E+01 zm=-3.38E-02 err=1.992E-02 dz=-4.336E-03 delz= 1.258E+00 dj=3.065E-02 chigam= 2.81E+00
 r=  2 t=  2600 it=  6 chi2=2.80E+01 zm=-3.41E-02 err=1.951E-02 dz=-4.075E-03 delz= 1.070E+00 dj=2.691E-02 chigam= 4.00E+00
 r=  1 t=  2500 it=  6 chi2=2.85E+01 zm=-3.54E-02 err=2.005E-02 dz=-4.443E-03 delz= 1.161E+00 dj=2.954E-02 chigam= 6.02E+00
 r=  3 t=  2700 it=  7 chi2=2.15E+01 zm=-3.53E-02 err=9.200E-03 dz=-1.438E-03 delz= 5.733E-01 dj=1.310E-02 chigam= 2.58E+00
 r=  2 t=  2600 it=  7 chi2=2.32E+01 zm=-3.55E-02 err=9.754E-03 dz=-1.467E-03 delz= 4.728E-01 dj=1.112E-02 chigam= 3.84E+00
 r=  1 t=  2500 it=  7 chi2=2.33E+01 zm=-3.70E-02 err=1.044E-02 dz=-1.595E-03 delz= 5.327E-01 dj=1.267E-02 chigam= 5.86E+00
 r=  3 t=  2700 it=  8 chi2=2.02E+01 zm=-3.54E-02 err=6.681E-03 dz=-1.874E-04 delz= 2.530E-01 dj=5.737E-03 chigam= 2.53E+00
 r=  2 t=  2600 it=  8 chi2=2.23E+01 zm=-3.61E-02 err=5.940E-03 dz=-5.917E-04 delz= 2.809E-01 dj=6.661E-03 chigam= 3.84E+00
 r=  1 t=  2500 it=  8 chi2=2.22E+01 zm=-3.76E-02 err=6.028E-03 dz=-6.522E-04 delz= 3.148E-01 dj=7.547E-03 chigam= 5.84E+00
 r=  3 t=  2700 it=  9 chi2=2.02E+01 zm=-3.56E-02 err=3.350E-03 dz=-1.733E-04 delz= 2.523E-01 dj=5.698E-03 chigam= 2.52E+00

 r=  0 t=  2400 it=  1 chi2=4.13E+01 zm=-2.21E-02 err=3.610E+00 dz=-2.212E-02 delz= 0.000E+00 dj=0.000E+00 chigam= 0.00E+00
 r=  2 t=  2600 it=  9 chi2=2.21E+01 zm=-3.65E-02 err=4.051E-03 dz=-3.334E-04 delz= 2.273E-01 dj=5.355E-03 chigam= 3.83E+00
 r=  1 t=  2500 it=  9 chi2=2.19E+01 zm=-3.79E-02 err=3.743E-03 dz=-2.314E-04 delz= 2.189E-01 dj=5.231E-03 chigam= 5.85E+00
 r=  3 t=  2700 it= 10 chi2=2.02E+01 zm=-3.57E-02 err=2.306E-03 dz=-1.171E-04 delz= 2.408E-01 dj=5.450E-03 chigam= 2.52E+00
 r=  0 t=  2400 it=  2 chi2=2.74E+01 zm=-2.24E-02 err=1.308E-01 dz=-3.085E-04 delz= 0.000E+00 dj=0.000E+00 chigam= 4.23E+00
 r=  2 t=  2600 it= 10 chi2=2.20E+01 zm=-3.66E-02 err=2.755E-03 dz=-1.848E-04 delz= 1.961E-01 dj=4.631E-03 chigam= 3.83E+00
 r=  1 t=  2500 it= 10 chi2=2.17E+01 zm=-3.79E-02 err=2.197E-03 dz= 2.402E-05 delz= 1.499E-01 dj=3.566E-03 chigam= 5.86E+00
 r=  0 t=  2400 it=  3 chi2=2.86E+01 zm=-2.25E-02 err=8.460E-02 dz=-6.774E-05 delz= 0.000E+00 dj=0.000E+00 chigam= 4.26E+00
 r=  3 t=  2700 it= 11 chi2=2.02E+01 zm=-3.58E-02 err=1.608E-03 dz=-7.301E-05 delz= 2.312E-01 dj=5.234E-03 chigam= 2.52E+00
 r=  2 t=  2600 it= 11 chi2=2.20E+01 zm=-3.67E-02 err=1.917E-03 dz=-1.038E-04 delz= 1.788E-01 dj=4.223E-03 chigam= 3.83E+00
 r=  1 t=  2500 it= 11 chi2=2.17E+01 zm=-3.79E-02 err=1.692E-03 dz=-2.497E-05 delz= 1.595E-01 dj=3.806E-03 chigam= 5.86E+00
 r=  0 t=  2400 it=  4 chi2=2.95E+01 zm=-2.25E-02 err=4.310E-02 dz= 2.812E-05 delz= 0.000E+00 dj=0.000E+00 chigam= 4.24E+00
 r=  3 t=  2700 it= 12 chi2=2.02E+01 zm=-3.59E-02 err=1.130E-03 dz=-4.478E-05 delz= 2.249E-01 dj=5.093E-03 chigam= 2.52E+00
 r=  2 t=  2600 it= 12 chi2=2.20E+01 zm=-3.68E-02 err=1.336E-03 dz=-5.983E-05 delz= 1.692E-01 dj=3.998E-03 chigam= 3.83E+00
 r=  1 t=  2500 it= 12 chi2=2.17E+01 zm=-3.79E-02 err=1.250E-03 dz=-2.830E-05 delz= 1.594E-01 dj=3.805E-03 chigam= 5.86E+00
 r=  0 t=  2400 it=  5 chi2=5.53E+01 zm=-2.93E-02 err=3.673E-02 dz=-6.837E-03 delz= 1.551E+00 dj=3.334E-02 chigam= 4.45E+00
 r=  3 t=  2700 it= 13 chi2=2.02E+01 zm=-3.59E-02 err=7.914E-04 dz=-2.757E-05 delz= 2.209E-01 dj=5.005E-03 chigam= 2.52E+00
 r=  2 t=  2600 it= 13 chi2=2.20E+01 zm=-3.68E-02 err=9.318E-04 dz=-3.551E-05 delz= 1.638E-01 dj=3.872E-03 chigam= 3.84E+00
 r=  1 t=  2500 it= 13 chi2=2.17E+01 zm=-3.79E-02 err=8.996E-04 dz=-2.257E-05 delz= 1.576E-01 dj=3.764E-03 chigam= 5.86E+00
 r=  0 t=  2400 it=  6 chi2=2.78E+01 zm=-3.32E-02 err=1.903E-02 dz=-3.909E-03 delz= 1.025E+00 dj=2.606E-02 chigam= 4.18E+00
 r=  0 t=  2400 it=  7 chi2=2.31E+01 zm=-3.45E-02 err=9.628E-03 dz=-1.299E-03 delz= 4.161E-01 dj=9.840E-03 chigam= 4.09E+00
 r=  0 t=  2400 it=  8 chi2=2.24E+01 zm=-3.51E-02 err=6.295E-03 dz=-6.100E-04 delz= 2.732E-01 dj=6.526E-03 chigam= 4.09E+00
 r=  0 t=  2400 it=  9 chi2=2.21E+01 zm=-3.53E-02 err=4.050E-03 dz=-2.075E-04 delz= 1.807E-01 dj=4.329E-03 chigam= 4.11E+00

  fit errors, shot  186610  2600. msec. all eqdsks are still written
     Error #21, Bp not consistent , error =  0.854E-01

  fit errors, shot  186610  2500. msec. all eqdsks are still written
     Error #21, Bp not consistent , error =  0.106E+00
 r=  0 t=  2400 it= 10 chi2=2.21E+01 zm=-3.55E-02 err=2.877E-03 dz=-1.473E-04 delz= 1.691E-01 dj=4.059E-03 chigam= 4.11E+00
INFO in efit at r=  3, t=  2700: Done processing
INFO in efit at r=  2, t=  2600: Done processing
 r=  0 t=  2400 it= 11 chi2=2.20E+01 zm=-3.56E-02 err=2.033E-03 dz=-9.258E-05 delz= 1.576E-01 dj=3.788E-03 chigam= 4.11E+00
INFO in efit at r=  1, t=  2500: Done processing
 r=  0 t=  2400 it= 12 chi2=2.20E+01 zm=-3.56E-02 err=1.433E-03 dz=-5.783E-05 delz= 1.502E-01 dj=3.611E-03 chigam= 4.11E+00
 r=  0 t=  2400 it= 13 chi2=2.20E+01 zm=-3.57E-02 err=1.007E-03 dz=-3.644E-05 delz= 1.455E-01 dj=3.501E-03 chigam= 4.11E+00
 r=  0 t=  2400 it= 14 chi2=2.20E+01 zm=-3.57E-02 err=7.065E-04 dz=-2.333E-05 delz= 1.427E-01 dj=3.433E-03 chigam= 4.11E+00

       data used:   
 39 flux loops
 69 magnetic probes(i)
  1 full rogowski
  0 diamagnetic loop


 shot #   =     186610 time(ms) =       2400 chi**2   =  2.189E+01
 betat(%) =      0.248 betap    =      0.065 li       =      1.194
 vol(cm3) =  1.763E+07 rout(cm) =    172.763 zout(cm) =      6.932
 elong    =      1.798 utriang  =      0.754 ltriang  =      0.350
 a(cm)    =     56.347 lin(cm)  =     14.684 lout(cm) =      5.959
 ltop(cm) =     15.106 q*       =      3.909 rc(cm)   =    170.012
 zc(cm)   =     -2.628 bt0(t)   =      1.638 qout     =      6.359

  fit errors, shot  186610  2400. msec. all eqdsks are still written
     Error #21, Bp not consistent , error =  0.930E-01
INFO in efit at r=  0, t=  2400: Done processing
