
          EFIT-AI Version

 Git repository url git@gitlab.com:efit-ai/efit.git
 Git branch main
 Git hash 92b0940
 Git date 2023-04-24 20:13:52 +0000
 Simulation started on  5/18/2023 at 13:43:41
 Code compiled with GNU 9.2.0

 type mode (1=imas, 2=file, 3=snap, 4=time, 5=input, 6=com file, 7=snap_ext):

 type input file names:

 table_di2 = <../green/>
 ******************** EFIT 65 x 65 grid ********************

 r=  2 t=  2600 it=  1 chi2=3.46E+01 zm=-3.28E-02 err=3.271E+00 dz=-3.281E-02 delz= 0.000E+00 dj=0.000E+00 chigam= 0.00E+00

 r=  0 t=  2400 it=  1 chi2=3.89E+01 zm=-3.15E-02 err=3.098E+00 dz=-3.146E-02 delz= 0.000E+00 dj=0.000E+00 chigam= 0.00E+00

 r=  1 t=  2500 it=  1 chi2=2.08E+01 zm=-3.37E-02 err=3.157E+00 dz=-3.367E-02 delz= 0.000E+00 dj=0.000E+00 chigam= 0.00E+00
 r=  2 t=  2600 it=  2 chi2=2.25E+01 zm=-3.25E-02 err=4.120E-02 dz= 3.421E-04 delz= 0.000E+00 dj=0.000E+00 chigam= 1.45E+01
 r=  0 t=  2400 it=  2 chi2=2.24E+01 zm=-3.10E-02 err=4.627E-02 dz= 4.316E-04 delz= 0.000E+00 dj=0.000E+00 chigam= 1.27E+01
 r=  1 t=  2500 it=  2 chi2=2.20E+01 zm=-3.33E-02 err=4.167E-02 dz= 4.169E-04 delz= 0.000E+00 dj=0.000E+00 chigam= 1.25E+01
 r=  2 t=  2600 it=  3 chi2=2.29E+01 zm=-3.21E-02 err=1.998E-02 dz= 3.314E-04 delz= 0.000E+00 dj=0.000E+00 chigam= 1.49E+01
 r=  0 t=  2400 it=  3 chi2=2.29E+01 zm=-3.06E-02 err=2.298E-02 dz= 4.126E-04 delz= 0.000E+00 dj=0.000E+00 chigam= 1.29E+01

 r=  3 t=  2700 it=  1 chi2=8.67E+01 zm=-3.10E-02 err=3.410E+00 dz=-3.095E-02 delz= 0.000E+00 dj=0.000E+00 chigam= 0.00E+00
 r=  1 t=  2500 it=  3 chi2=2.24E+01 zm=-3.29E-02 err=2.047E-02 dz= 4.018E-04 delz= 0.000E+00 dj=0.000E+00 chigam= 1.26E+01
 r=  2 t=  2600 it=  4 chi2=2.52E+01 zm=-3.45E-02 err=1.527E-02 dz=-2.411E-03 delz= 6.751E-01 dj=1.604E-02 chigam= 1.49E+01
 r=  0 t=  2400 it=  4 chi2=2.76E+01 zm=-3.37E-02 err=1.754E-02 dz=-3.079E-03 delz= 8.640E-01 dj=2.015E-02 chigam= 1.33E+01
 r=  3 t=  2700 it=  2 chi2=2.06E+01 zm=-3.04E-02 err=3.398E-02 dz= 5.057E-04 delz= 0.000E+00 dj=0.000E+00 chigam= 3.56E+00
 r=  1 t=  2500 it=  4 chi2=2.75E+01 zm=-3.64E-02 err=1.840E-02 dz=-3.562E-03 delz= 9.920E-01 dj=2.365E-02 chigam= 1.30E+01
 r=  2 t=  2600 it=  5 chi2=2.35E+01 zm=-3.60E-02 err=6.956E-03 dz=-1.458E-03 delz= 4.731E-01 dj=1.196E-02 chigam= 1.49E+01
 r=  0 t=  2400 it=  5 chi2=2.34E+01 zm=-3.52E-02 err=8.436E-03 dz=-1.493E-03 delz= 5.009E-01 dj=1.246E-02 chigam= 1.29E+01
 r=  3 t=  2700 it=  3 chi2=2.08E+01 zm=-3.00E-02 err=1.730E-02 dz= 4.526E-04 delz= 0.000E+00 dj=0.000E+00 chigam= 3.58E+00
 r=  1 t=  2500 it=  5 chi2=2.29E+01 zm=-3.80E-02 err=8.175E-03 dz=-1.561E-03 delz= 5.364E-01 dj=1.373E-02 chigam= 1.27E+01
 r=  2 t=  2600 it=  6 chi2=2.30E+01 zm=-3.67E-02 err=4.038E-03 dz=-7.361E-04 delz= 3.150E-01 dj=7.703E-03 chigam= 1.49E+01
 r=  0 t=  2400 it=  6 chi2=2.26E+01 zm=-3.59E-02 err=4.952E-03 dz=-6.807E-04 delz= 3.215E-01 dj=7.869E-03 chigam= 1.28E+01
 r=  3 t=  2700 it=  4 chi2=2.28E+01 zm=-3.22E-02 err=1.256E-02 dz=-2.239E-03 delz= 6.615E-01 dj=1.418E-02 chigam= 3.77E+00
 r=  1 t=  2500 it=  6 chi2=2.21E+01 zm=-3.86E-02 err=4.424E-03 dz=-5.985E-04 delz= 3.183E-01 dj=8.015E-03 chigam= 1.26E+01
 r=  2 t=  2600 it=  7 chi2=2.27E+01 zm=-3.71E-02 err=2.441E-03 dz=-3.498E-04 delz= 2.357E-01 dj=5.760E-03 chigam= 1.49E+01
 r=  0 t=  2400 it=  7 chi2=2.24E+01 zm=-3.62E-02 err=3.107E-03 dz=-3.280E-04 delz= 2.487E-01 dj=6.089E-03 chigam= 1.28E+01
 r=  3 t=  2700 it=  5 chi2=2.09E+01 zm=-3.35E-02 err=6.810E-03 dz=-1.254E-03 delz= 4.420E-01 dj=9.958E-03 chigam= 3.70E+00
 r=  1 t=  2500 it=  7 chi2=2.19E+01 zm=-3.88E-02 err=2.455E-03 dz=-1.847E-04 delz= 2.252E-01 dj=5.672E-03 chigam= 1.26E+01
 r=  2 t=  2600 it=  8 chi2=2.26E+01 zm=-3.73E-02 err=1.539E-03 dz=-1.654E-04 delz= 1.985E-01 dj=4.856E-03 chigam= 1.49E+01
 r=  0 t=  2400 it=  8 chi2=2.23E+01 zm=-3.63E-02 err=1.871E-03 dz=-1.337E-04 delz= 2.062E-01 dj=5.044E-03 chigam= 1.28E+01
 r=  3 t=  2700 it=  6 chi2=2.05E+01 zm=-3.41E-02 err=3.639E-03 dz=-6.007E-04 delz= 2.977E-01 dj=6.620E-03 chigam= 3.67E+00
 r=  1 t=  2500 it=  8 chi2=2.18E+01 zm=-3.89E-02 err=1.632E-03 dz=-9.300E-05 delz= 2.061E-01 dj=5.181E-03 chigam= 1.26E+01
 r=  2 t=  2600 it=  9 chi2=2.26E+01 zm=-3.73E-02 err=9.994E-04 dz=-8.072E-05 delz= 1.815E-01 dj=4.441E-03 chigam= 1.49E+01
 r=  0 t=  2400 it=  9 chi2=2.22E+01 zm=-3.64E-02 err=1.256E-03 dz=-6.893E-05 delz= 1.931E-01 dj=4.722E-03 chigam= 1.28E+01
 r=  3 t=  2700 it=  7 chi2=2.03E+01 zm=-3.44E-02 err=2.104E-03 dz=-2.633E-04 delz= 2.232E-01 dj=4.926E-03 chigam= 3.66E+00
 r=  1 t=  2500 it=  9 chi2=2.18E+01 zm=-3.89E-02 err=1.087E-03 dz=-4.596E-05 delz= 1.959E-01 dj=4.926E-03 chigam= 1.26E+01
 r=  0 t=  2400 it= 10 chi2=2.22E+01 zm=-3.64E-02 err=8.646E-04 dz=-3.764E-05 delz= 1.867E-01 dj=4.565E-03 chigam= 1.28E+01
 r=  3 t=  2700 it=  8 chi2=2.02E+01 zm=-3.45E-02 err=1.295E-03 dz=-1.194E-04 delz= 1.918E-01 dj=4.235E-03 chigam= 3.66E+00
 r=  1 t=  2500 it= 10 chi2=2.18E+01 zm=-3.89E-02 err=7.483E-04 dz=-2.345E-05 delz= 1.907E-01 dj=4.797E-03 chigam= 1.26E+01
 r=  3 t=  2700 it=  9 chi2=2.02E+01 zm=-3.45E-02 err=8.140E-04 dz=-5.338E-05 delz= 1.769E-01 dj=3.905E-03 chigam= 3.66E+00

  fit errors, shot  186610  2600. msec. all eqdsks are still written
     Error #21, Bp not consistent , error =  0.950E-01

       data used:   
 39 flux loops
 69 magnetic probes(i)
  1 full rogowski
  0 diamagnetic loop


 shot #   =     186610 time(ms) =       2400 chi**2   =  2.198E+01
 betat(%) =      0.283 betap    =      0.075 li       =      1.195
 vol(cm3) =  1.764E+07 rout(cm) =    172.801 zout(cm) =      6.919
 elong    =      1.798 utriang  =      0.751 ltriang  =      0.303
 a(cm)    =     56.378 lin(cm)  =     14.692 lout(cm) =      5.890
 ltop(cm) =     15.195 q*       =      3.880 rc(cm)   =    170.134
 zc(cm)   =     -2.656 bt0(t)   =      1.638 qout     =      6.436

  fit errors, shot  186610  2400. msec. all eqdsks are still written
     Error #21, Bp not consistent , error =  0.109E+00

  fit errors, shot  186610  2500. msec. all eqdsks are still written
     Error #21, Bp not consistent , error =  0.128E+00
INFO in efit at r=  2, t=  2600: Done processing
INFO in efit at r=  0, t=  2400: Done processing
INFO in efit at r=  1, t=  2500: Done processing
INFO in efit at r=  3, t=  2700: Done processing
