
          EFIT-AI

Git repository url git@gitlab.com:efit-ai/efit.git

Git branch main

Git hash aa95d83

Simulation started on  4/12/2022 at 15:37:16

Code compiled with PGI 18.7.0


 type mode (1=omas, 2=file, 3=snap, 4=time, 5=input, 6=com file, 7=snap_ext):

 type input file names:
 table_di2 = <test/DIIID/green/>

      ********************EFITAI 65 x  65  output ********************
INFO in efit at r=  0, t=  2400: Done processing
