INFO in efit at r=  0, t=  2300: Done processing
INFO in efit at r=  0, t=  2300: Done processing
INFO in efit at r=  0, t=  2300: Done processing
