
          EFIT-AI Version

 Git repository url git@gitlab.com:efit-ai/efit.git
 Git branch main
 Git hash 92b0940
 Git date 2023-04-24 20:13:52 +0000
 Simulation started on  5/18/2023 at 13:32:24
 Code compiled with GNU 9.2.0

 type mode (1=imas, 2=file, 3=snap, 4=time, 5=input, 6=com file, 7=snap_ext):

 type input file names:

 table_di2 = <../green/>
 ******************** EFIT 65 x 65 grid ********************

 r=  0 t=     0 it=  1 chi2=0.00E+00 zm=-1.63E-02 err=3.665E+00 dz=-1.633E-02 chigam= 0.00E+00
 r=  0 t=     0 it=  2 chi2=0.00E+00 zm=-1.96E-02 err=7.826E-01 dz=-3.287E-03 chigam= 0.00E+00
 r=  0 t=     0 it=  3 chi2=0.00E+00 zm=-2.18E-02 err=4.135E-01 dz=-2.187E-03 chigam= 0.00E+00
 r=  0 t=     0 it=  4 chi2=0.00E+00 zm=-2.34E-02 err=2.258E-01 dz=-1.610E-03 chigam= 0.00E+00
 r=  0 t=     0 it=  5 chi2=0.00E+00 zm=-2.47E-02 err=1.263E-01 dz=-1.244E-03 chigam= 0.00E+00
 r=  0 t=     0 it=  6 chi2=0.00E+00 zm=-2.56E-02 err=7.265E-02 dz=-9.843E-04 chigam= 0.00E+00
 r=  0 t=     0 it=  7 chi2=0.00E+00 zm=-2.64E-02 err=4.263E-02 dz=-7.884E-04 chigam= 0.00E+00
 r=  0 t=     0 it=  8 chi2=0.00E+00 zm=-2.71E-02 err=2.578E-02 dz=-6.353E-04 chigam= 0.00E+00
 r=  0 t=     0 it=  9 chi2=0.00E+00 zm=-2.76E-02 err=1.603E-02 dz=-5.122E-04 chigam= 0.00E+00
 r=  0 t=     0 it= 10 chi2=0.00E+00 zm=-2.80E-02 err=1.024E-02 dz=-4.135E-04 chigam= 0.00E+00
 r=  0 t=     0 it= 11 chi2=0.00E+00 zm=-2.83E-02 err=6.726E-03 dz=-3.334E-04 chigam= 0.00E+00
 r=  0 t=     0 it= 12 chi2=0.00E+00 zm=-2.86E-02 err=4.531E-03 dz=-2.683E-04 chigam= 0.00E+00
 r=  0 t=     0 it= 13 chi2=0.00E+00 zm=-2.88E-02 err=3.124E-03 dz=-2.157E-04 chigam= 0.00E+00
 r=  0 t=     0 it= 14 chi2=0.00E+00 zm=-2.90E-02 err=2.200E-03 dz=-1.731E-04 chigam= 0.00E+00
 r=  0 t=     0 it= 15 chi2=0.00E+00 zm=-2.91E-02 err=1.578E-03 dz=-1.387E-04 chigam= 0.00E+00
 r=  0 t=     0 it= 16 chi2=0.00E+00 zm=-2.92E-02 err=1.151E-03 dz=-1.109E-04 chigam= 0.00E+00
 r=  0 t=     0 it= 17 chi2=0.00E+00 zm=-2.93E-02 err=8.506E-04 dz=-8.867E-05 chigam= 0.00E+00
 r=  0 t=     0 it= 18 chi2=0.00E+00 zm=-2.94E-02 err=6.361E-04 dz=-7.077E-05 chigam= 0.00E+00
 r=  0 t=     0 it= 19 chi2=0.00E+00 zm=-2.95E-02 err=4.805E-04 dz=-5.648E-05 chigam= 0.00E+00
 r=  0 t=     0 it= 20 chi2=0.00E+00 zm=-2.95E-02 err=3.659E-04 dz=-4.503E-05 chigam= 0.00E+00
 r=  0 t=     0 it= 21 chi2=0.00E+00 zm=-2.95E-02 err=2.806E-04 dz=-3.587E-05 chigam= 0.00E+00
 r=  0 t=     0 it= 22 chi2=0.00E+00 zm=-2.96E-02 err=2.165E-04 dz=-2.857E-05 chigam= 0.00E+00
 r=  0 t=     0 it= 23 chi2=0.00E+00 zm=-2.96E-02 err=1.678E-04 dz=-2.274E-05 chigam= 0.00E+00
 r=  0 t=     0 it= 24 chi2=0.00E+00 zm=-2.96E-02 err=1.306E-04 dz=-1.809E-05 chigam= 0.00E+00
 r=  0 t=     0 it= 25 chi2=0.00E+00 zm=-2.96E-02 err=1.020E-04 dz=-1.439E-05 chigam= 0.00E+00
 r=  0 t=     0 it= 26 chi2=0.00E+00 zm=-2.96E-02 err=7.989E-05 dz=-1.145E-05 chigam= 0.00E+00

       data used:   
  0 flux loops
  0 magnetic probes(i)
  0 full rogowski
  0 diamagnetic loop


 shot #   =     186610 time(ms) =          0 chi**2   =  0.000E+00
 betat(%) =      0.229 betap    =      0.107 li       =      1.129
 vol(cm3) =  1.784E+07 rout(cm) =    173.132 zout(cm) =      6.729
 elong    =      1.813 utriang  =      0.716 ltriang  =      0.309
 a(cm)    =     56.326 lin(cm)  =     15.206 lout(cm) =      7.064
 ltop(cm) =     16.427 q*       =      5.197 rc(cm)   =    170.446
 zc(cm)   =     -2.234 bt0(t)   =     -2.008 qout     =      9.105
INFO in efit at r=  0, t=     0: Done processing
