WARNING in findax at r=  0, t=  1000: 2nd seperatrix point is not inside vessel, zeross.le.0.1
WARNING in findax at r=  0, t=  1000: 2nd seperatrix point is not inside vessel, zeross.le.0.1
WARNING in findax at r=  0, t=  1000: 2nd seperatrix point is not inside vessel, zeross.le.0.1
WARNING in findax at r=  0, t=  1000: 2nd seperatrix point is not inside vessel, zeross.le.0.1
WARNING in findax at r=  0, t=  1000: 2nd seperatrix point is not inside vessel, zeross.le.0.1
WARNING in findax at r=  0, t=  1000: 2nd seperatrix point is not inside vessel, zeross.le.0.1
WARNING in findax at r=  0, t=  1000: 2nd seperatrix point is not inside vessel, zeross.le.0.1
WARNING in findax at r=  0, t=  1000: 2nd seperatrix point is not inside vessel, zeross.le.0.1
WARNING in findax at r=  0, t=  1000: 2nd seperatrix point is not inside vessel, zeross.le.0.1
WARNING in findax at r=  0, t=  1000: 2nd seperatrix point is not inside vessel, zeross.le.0.1
WARNING in findax at r=  0, t=  1000: 2nd seperatrix point is not inside vessel, zeross.le.0.1
WARNING in findax at r=  0, t=  1000: 2nd seperatrix point is not inside vessel, zeross.le.0.1
WARNING in findax at r=  0, t=  1000: 2nd seperatrix point is not inside vessel, zeross.le.0.1
WARNING in findax at r=  0, t=  1000: 2nd seperatrix point is not inside vessel, zeross.le.0.1
WARNING in findax at r=  0, t=  1000: 2nd seperatrix point is not inside vessel, zeross.le.0.1
WARNING in findax at r=  0, t=  1000: 2nd seperatrix point is not inside vessel, zeross.le.0.1
WARNING in findax at r=  0, t=  1000: 2nd seperatrix point is not inside vessel, zeross.le.0.1
WARNING in findax at r=  0, t=  1000: 2nd seperatrix point is not inside vessel, zeross.le.0.1
WARNING in findax at r=  0, t=  1000: 2nd seperatrix point is not inside vessel, zeross.le.0.1
WARNING in findax at r=  0, t=  1000: 2nd seperatrix point is not inside vessel, zeross.le.0.1
WARNING in findax at r=  0, t=  1000: 2nd seperatrix point is not inside vessel, zeross.le.0.1
WARNING in findax at r=  0, t=  1000: 2nd seperatrix point is not inside vessel, zeross.le.0.1
WARNING in findax at r=  0, t=  1000: 2nd seperatrix point is not inside vessel, zeross.le.0.1
WARNING in findax at r=  0, t=  1000: 2nd seperatrix point is not inside vessel, zeross.le.0.1
WARNING in findax at r=  0, t=  1000: 2nd seperatrix point is not inside vessel, zeross.le.0.1
WARNING in findax at r=  0, t=  1000: 2nd seperatrix point is not inside vessel, zeross.le.0.1
WARNING in findax at r=  0, t=  1000: 2nd seperatrix point is not inside vessel, zeross.le.0.1
WARNING in findax at r=  0, t=  1000: 2nd seperatrix point is not inside vessel, zeross.le.0.1
WARNING in findax at r=  0, t=  1000: 2nd seperatrix point is not inside vessel, zeross.le.0.1
WARNING in findax at r=  0, t=  1000: 2nd seperatrix point is not inside vessel, zeross.le.0.1
WARNING in findax at r=  0, t=  1000: 2nd seperatrix point is not inside vessel, zeross.le.0.1
WARNING in findax at r=  0, t=  1000: 2nd seperatrix point is not inside vessel, zeross.le.0.1
WARNING in findax at r=  0, t=  1000: 2nd seperatrix point is not inside vessel, zeross.le.0.1
WARNING in findax at r=  0, t=  1000: 2nd seperatrix point is not inside vessel, zeross.le.0.1
WARNING in findax at r=  0, t=  1000: 2nd seperatrix point is not inside vessel, zeross.le.0.1
WARNING in findax at r=  0, t=  1000: 2nd seperatrix point is not inside vessel, zeross.le.0.1
WARNING in findax at r=  0, t=  1000: 2nd seperatrix point is not inside vessel, zeross.le.0.1
WARNING in findax at r=  0, t=  1000: 2nd seperatrix point is not inside vessel, zeross.le.0.1
WARNING in findax at r=  0, t=  1000: 2nd seperatrix point is not inside vessel, zeross.le.0.1
WARNING in findax at r=  0, t=  1000: 2nd seperatrix point is not inside vessel, zeross.le.0.1
WARNING in findax at r=  0, t=  1000: 2nd seperatrix point is not inside vessel, zeross.le.0.1
WARNING in findax at r=  0, t=  1000: 2nd seperatrix point is not inside vessel, zeross.le.0.1
WARNING in findax at r=  0, t=  1000: 2nd seperatrix point is not inside vessel, zeross.le.0.1
WARNING in fit at r=  0, t=  1000: not converged, reached max iterations
