 Reading namelist
 Calling matrix subroutine
 file name : rfcoil.ddd
 file name : ep6565.ddd
 Calling grid subroutine
 file name : ec6565.ddd
