
          EFIT-AI Version

 Git repository url git@gitlab.com:efit-ai/efit.git
 Git branch main
 Git hash 92b0940
 Git date 2023-04-24 20:13:52 +0000
 Simulation started on  5/18/2023 at 13:32:18
 Code compiled with GNU 9.2.0
 Reading efit.input file
 Using setup (if present) from efit.input file

 type mode (1=imas, 2=file, 3=snap, 4=time, 5=input, 6=com file, 7=snap_ext):

 type input file names:

 table_di2 = <../green/>
 ******************** EFIT 65 x 65 grid ********************

 r=  0 t=  2400 it=  1 chi2=4.13E+01 zm=-2.21E-02 err=3.610E+00 dz=-2.212E-02 delz= 0.000E+00 dj=0.000E+00 chigam= 0.00E+00
 r=  0 t=  2400 it=  2 chi2=2.77E+01 zm=-2.24E-02 err=1.357E-01 dz=-2.764E-04 delz= 0.000E+00 dj=0.000E+00 chigam= 1.38E+01
 r=  0 t=  2400 it=  3 chi2=2.87E+01 zm=-2.25E-02 err=8.772E-02 dz=-1.161E-04 delz= 0.000E+00 dj=0.000E+00 chigam= 1.36E+01
 r=  0 t=  2400 it=  4 chi2=2.96E+01 zm=-2.25E-02 err=4.573E-02 dz= 3.085E-06 delz= 0.000E+00 dj=0.000E+00 chigam= 1.33E+01
 r=  0 t=  2400 it=  5 chi2=5.57E+01 zm=-2.98E-02 err=3.690E-02 dz=-7.309E-03 delz= 1.690E+00 dj=3.733E-02 chigam= 1.53E+01
 r=  0 t=  2400 it=  6 chi2=2.70E+01 zm=-3.36E-02 err=1.851E-02 dz=-3.758E-03 delz= 1.001E+00 dj=2.559E-02 chigam= 1.36E+01
 r=  0 t=  2400 it=  7 chi2=2.35E+01 zm=-3.51E-02 err=1.030E-02 dz=-1.529E-03 delz= 5.139E-01 dj=1.243E-02 chigam= 1.31E+01
 r=  0 t=  2400 it=  8 chi2=2.24E+01 zm=-3.55E-02 err=5.438E-03 dz=-4.182E-04 delz= 2.412E-01 dj=5.865E-03 chigam= 1.29E+01
 r=  0 t=  2400 it=  9 chi2=2.23E+01 zm=-3.58E-02 err=3.937E-03 dz=-2.842E-04 delz= 2.164E-01 dj=5.262E-03 chigam= 1.29E+01
 r=  0 t=  2400 it= 10 chi2=2.23E+01 zm=-3.60E-02 err=2.755E-03 dz=-1.731E-04 delz= 1.944E-01 dj=4.736E-03 chigam= 1.29E+01
 r=  0 t=  2400 it= 11 chi2=2.23E+01 zm=-3.61E-02 err=1.945E-03 dz=-1.045E-04 delz= 1.803E-01 dj=4.396E-03 chigam= 1.28E+01
 r=  0 t=  2400 it= 12 chi2=2.22E+01 zm=-3.61E-02 err=1.238E-03 dz=-3.811E-05 delz= 1.634E-01 dj=3.986E-03 chigam= 1.28E+01
 r=  0 t=  2400 it= 13 chi2=2.22E+01 zm=-3.62E-02 err=8.807E-04 dz=-2.512E-05 delz= 1.604E-01 dj=3.916E-03 chigam= 1.28E+01

       data used:   
 39 flux loops
 69 magnetic probes(i)
  1 full rogowski
  0 diamagnetic loop


 shot #   =     186610 time(ms) =       2400 chi**2   =  2.203E+01
 betat(%) =      0.269 betap    =      0.071 li       =      1.196
 vol(cm3) =  1.764E+07 rout(cm) =    172.791 zout(cm) =      6.916
 elong    =      1.798 utriang  =      0.751 ltriang  =      0.303
 a(cm)    =     56.369 lin(cm)  =     14.691 lout(cm) =      5.909
 ltop(cm) =     15.209 q*       =      3.878 rc(cm)   =    170.095
 zc(cm)   =     -2.646 bt0(t)   =      1.638 qout     =      6.443

  fit errors, shot  186610  2400. msec. all eqdsks are still written
     Error #21, Bp not consistent , error =  0.956E-01
INFO in efit at r=  0, t=  2400: Done processing
