INFO in getsets at r= -1, t=    -1: Done writing k-files
INFO in getsets at r= -1, t=    -1: Done writing k-files
INFO in getsets at r= -1, t=    -1: Done writing k-files
INFO in getsets at r= -1, t=    -1: Done writing k-files
INFO in efitd at r=  1, t=  2500: Done processing
INFO in efitd at r=  2, t=  2600: Done processing
INFO in efitd at r=  0, t=  2400: Done processing
