
          EFIT-AI Version

 Git repository url git@gitlab.com:efit-ai/efit.git
 Git branch main
 Git hash 92b0940
 Git date 2023-04-24 20:13:52 +0000
 Simulation started on  5/18/2023 at 13:44:46
 Code compiled with GNU 9.2.0

 type mode (1=imas, 2=file, 3=snap, 4=time, 5=input, 6=com file, 7=snap_ext):

 type shot #, start time(ms), time step(ms), steps:

 table_di2 = <../green/>
 Calling $Name: V4_05 $ of the mse 
 ******************** EFIT 65 x 65 grid ********************


 r=  3 t=  2700 it=  1 chi2=7.75E+01 zm=-2.28E-02 err=3.895E+00 dz=-2.279E-02 delz= 0.000E+00 dj=0.000E+00 chigam= 0.00E+00
 r=  1 t=  2500 it=  1 chi2=4.47E+01 zm=-2.26E-02 err=3.722E+00 dz=-2.258E-02 delz= 0.000E+00 dj=0.000E+00 chigam= 0.00E+00
 r=  3 t=  2700 it=  2 chi2=2.44E+01 zm=-2.31E-02 err=1.267E-01 dz=-2.860E-04 delz= 0.000E+00 dj=0.000E+00 chigam= 3.06E+00
 r=  1 t=  2500 it=  2 chi2=2.82E+01 zm=-2.30E-02 err=1.450E-01 dz=-3.975E-04 delz= 0.000E+00 dj=0.000E+00 chigam= 6.30E+00
 r=  3 t=  2700 it=  3 chi2=2.53E+01 zm=-2.31E-02 err=8.080E-02 dz=-4.472E-05 delz= 0.000E+00 dj=0.000E+00 chigam= 3.00E+00
 r=  1 t=  2500 it=  3 chi2=2.93E+01 zm=-2.31E-02 err=9.505E-02 dz=-1.390E-04 delz= 0.000E+00 dj=0.000E+00 chigam= 6.36E+00
 r=  3 t=  2700 it=  4 chi2=2.63E+01 zm=-2.31E-02 err=4.435E-02 dz= 6.669E-05 delz= 0.000E+00 dj=0.000E+00 chigam= 3.04E+00
 r=  1 t=  2500 it=  4 chi2=3.05E+01 zm=-2.31E-02 err=4.989E-02 dz=-1.738E-05 delz= 0.000E+00 dj=0.000E+00 chigam= 6.44E+00
 r=  3 t=  2700 it=  5 chi2=3.77E+01 zm=-2.76E-02 err=2.744E-02 dz=-4.514E-03 delz= 9.214E-01 dj=2.074E-02 chigam= 3.40E+00
 r=  1 t=  2500 it=  5 chi2=4.49E+01 zm=-2.85E-02 err=3.026E-02 dz=-5.339E-03 delz= 1.062E+00 dj=2.349E-02 chigam= 6.88E+00
 r=  3 t=  2700 it=  6 chi2=2.55E+01 zm=-3.01E-02 err=1.509E-02 dz=-2.489E-03 delz= 5.456E-01 dj=1.231E-02 chigam= 3.37E+00
 r=  1 t=  2500 it=  6 chi2=2.84E+01 zm=-3.14E-02 err=1.641E-02 dz=-2.901E-03 delz= 6.065E-01 dj=1.325E-02 chigam= 6.84E+00
 r=  3 t=  2700 it=  7 chi2=2.19E+01 zm=-3.13E-02 err=9.125E-03 dz=-1.263E-03 delz= 3.118E-01 dj=7.082E-03 chigam= 3.40E+00
 r=  1 t=  2500 it=  7 chi2=2.38E+01 zm=-3.28E-02 err=9.510E-03 dz=-1.445E-03 delz= 3.270E-01 dj=7.223E-03 chigam= 6.87E+00
 r=  3 t=  2700 it=  8 chi2=2.08E+01 zm=-3.20E-02 err=5.903E-03 dz=-6.458E-04 delz= 1.913E-01 dj=4.395E-03 chigam= 3.43E+00
 r=  1 t=  2500 it=  8 chi2=2.25E+01 zm=-3.35E-02 err=6.076E-03 dz=-7.279E-04 delz= 1.843E-01 dj=4.119E-03 chigam= 6.91E+00
 r=  3 t=  2700 it=  9 chi2=2.05E+01 zm=-3.23E-02 err=4.010E-03 dz=-3.483E-04 delz= 1.325E-01 dj=3.061E-03 chigam= 3.46E+00
 r=  1 t=  2500 it=  9 chi2=2.21E+01 zm=-3.39E-02 err=4.066E-03 dz=-3.762E-04 delz= 1.127E-01 dj=2.531E-03 chigam= 6.94E+00
 r=  3 t=  2700 it= 10 chi2=2.04E+01 zm=-3.25E-02 err=2.789E-03 dz=-1.946E-04 delz= 1.018E-01 dj=2.362E-03 chigam= 3.48E+00
 r=  1 t=  2500 it= 10 chi2=2.20E+01 zm=-3.41E-02 err=2.784E-03 dz=-1.968E-04 delz= 7.517E-02 dj=1.688E-03 chigam= 6.97E+00
 r=  3 t=  2700 it= 11 chi2=2.04E+01 zm=-3.26E-02 err=1.960E-03 dz=-1.134E-04 delz= 8.541E-02 dj=1.989E-03 chigam= 3.50E+00
 r=  1 t=  2500 it= 11 chi2=2.20E+01 zm=-3.42E-02 err=1.919E-03 dz=-1.090E-04 delz= 5.622E-02 dj=1.258E-03 chigam= 6.99E+00
 r=  3 t=  2700 it= 12 chi2=2.04E+01 zm=-3.27E-02 err=1.387E-03 dz=-6.911E-05 delz= 7.642E-02 dj=1.784E-03 chigam= 3.51E+00
 r=  1 t=  2500 it= 12 chi2=2.20E+01 zm=-3.43E-02 err=1.350E-03 dz=-6.359E-05 delz= 4.644E-02 dj=1.043E-03 chigam= 7.01E+00
 r=  3 t=  2700 it= 13 chi2=2.04E+01 zm=-3.27E-02 err=9.861E-04 dz=-4.412E-05 delz= 7.132E-02 dj=1.668E-03 chigam= 3.51E+00
 r=  1 t=  2500 it= 13 chi2=2.20E+01 zm=-3.43E-02 err=9.553E-04 dz=-3.904E-05 delz= 4.109E-02 dj=9.241E-04 chigam= 7.01E+00
INFO in efit at r=  3, t=  2700: Done processing
INFO in efit at r=  1, t=  2500: Done processing

 r=  2 t=  2600 it=  1 chi2=4.17E+01 zm=-2.28E-02 err=3.841E+00 dz=-2.276E-02 delz= 0.000E+00 dj=0.000E+00 chigam= 0.00E+00
 r=  2 t=  2600 it=  2 chi2=2.75E+01 zm=-2.31E-02 err=1.375E-01 dz=-3.482E-04 delz= 0.000E+00 dj=0.000E+00 chigam= 3.59E+00
 r=  2 t=  2600 it=  3 chi2=2.85E+01 zm=-2.32E-02 err=9.026E-02 dz=-1.013E-04 delz= 0.000E+00 dj=0.000E+00 chigam= 3.59E+00

 r=  0 t=  2400 it=  1 chi2=4.13E+01 zm=-2.21E-02 err=3.610E+00 dz=-2.212E-02 delz= 0.000E+00 dj=0.000E+00 chigam= 0.00E+00
 r=  2 t=  2600 it=  4 chi2=2.97E+01 zm=-2.32E-02 err=4.709E-02 dz= 3.581E-05 delz= 0.000E+00 dj=0.000E+00 chigam= 3.62E+00
 r=  0 t=  2400 it=  2 chi2=2.69E+01 zm=-2.24E-02 err=1.376E-01 dz=-2.969E-04 delz= 0.000E+00 dj=0.000E+00 chigam= 3.44E+00
 r=  2 t=  2600 it=  5 chi2=4.30E+01 zm=-2.83E-02 err=2.793E-02 dz=-5.079E-03 delz= 1.022E+00 dj=2.263E-02 chigam= 4.13E+00
 r=  0 t=  2400 it=  3 chi2=2.79E+01 zm=-2.25E-02 err=9.021E-02 dz=-5.292E-05 delz= 0.000E+00 dj=0.000E+00 chigam= 3.44E+00
 r=  2 t=  2600 it=  6 chi2=2.78E+01 zm=-3.10E-02 err=1.522E-02 dz=-2.712E-03 delz= 5.727E-01 dj=1.270E-02 chigam= 4.05E+00
 r=  0 t=  2400 it=  4 chi2=2.91E+01 zm=-2.24E-02 err=4.698E-02 dz= 8.024E-05 delz= 0.000E+00 dj=0.000E+00 chigam= 3.49E+00
 r=  2 t=  2600 it=  7 chi2=2.36E+01 zm=-3.23E-02 err=9.388E-03 dz=-1.335E-03 delz= 3.043E-01 dj=6.860E-03 chigam= 4.07E+00
 r=  0 t=  2400 it=  5 chi2=4.28E+01 zm=-2.74E-02 err=2.744E-02 dz=-5.056E-03 delz= 1.025E+00 dj=2.268E-02 chigam= 3.87E+00
 r=  2 t=  2600 it=  8 chi2=2.25E+01 zm=-3.30E-02 err=6.065E-03 dz=-6.899E-04 delz= 1.767E-01 dj=3.998E-03 chigam= 4.10E+00
 r=  0 t=  2400 it=  6 chi2=2.76E+01 zm=-3.01E-02 err=1.537E-02 dz=-2.699E-03 delz= 5.764E-01 dj=1.277E-02 chigam= 3.81E+00
 r=  2 t=  2600 it=  9 chi2=2.22E+01 zm=-3.34E-02 err=4.102E-03 dz=-3.653E-04 delz= 1.113E-01 dj=2.524E-03 chigam= 4.14E+00
 r=  0 t=  2400 it=  7 chi2=2.34E+01 zm=-3.15E-02 err=9.522E-03 dz=-1.364E-03 delz= 3.202E-01 dj=7.142E-03 chigam= 3.83E+00
 r=  2 t=  2600 it= 10 chi2=2.21E+01 zm=-3.36E-02 err=2.830E-03 dz=-2.002E-04 delz= 7.765E-02 dj=1.769E-03 chigam= 4.16E+00
 r=  0 t=  2400 it=  8 chi2=2.21E+01 zm=-3.22E-02 err=6.077E-03 dz=-6.992E-04 delz= 1.888E-01 dj=4.242E-03 chigam= 3.86E+00
 r=  2 t=  2600 it= 11 chi2=2.20E+01 zm=-3.37E-02 err=1.971E-03 dz=-1.127E-04 delz= 5.948E-02 dj=1.359E-03 chigam= 4.18E+00
 r=  0 t=  2400 it=  9 chi2=2.18E+01 zm=-3.26E-02 err=4.089E-03 dz=-3.725E-04 delz= 1.234E-01 dj=2.785E-03 chigam= 3.89E+00
 r=  2 t=  2600 it= 12 chi2=2.20E+01 zm=-3.37E-02 err=1.392E-03 dz=-6.762E-05 delz= 5.016E-02 dj=1.148E-03 chigam= 4.19E+00
 r=  0 t=  2400 it= 10 chi2=2.17E+01 zm=-3.28E-02 err=2.809E-03 dz=-2.064E-04 delz= 8.982E-02 dj=2.035E-03 chigam= 3.91E+00
 r=  2 t=  2600 it= 13 chi2=2.20E+01 zm=-3.38E-02 err=9.884E-04 dz=-4.238E-05 delz= 4.494E-02 dj=1.030E-03 chigam= 4.19E+00
 r=  0 t=  2400 it= 11 chi2=2.17E+01 zm=-3.29E-02 err=1.930E-03 dz=-1.095E-04 delz= 6.918E-02 dj=1.579E-03 chigam= 3.93E+00
 r=  0 t=  2400 it= 12 chi2=2.17E+01 zm=-3.30E-02 err=1.360E-03 dz=-6.639E-05 delz= 6.033E-02 dj=1.380E-03 chigam= 3.94E+00
 r=  0 t=  2400 it= 13 chi2=2.17E+01 zm=-3.30E-02 err=9.640E-04 dz=-4.215E-05 delz= 5.539E-02 dj=1.269E-03 chigam= 3.94E+00
INFO in efit at r=  2, t=  2600: Done processing

       data used:   
 39 flux loops
 69 magnetic probes(i)
  1 full rogowski
  0 diamagnetic loop


 shot #   =     186610 time(ms) =       2400 chi**2   =  2.158E+01
 betat(%) =      0.259 betap    =      0.068 li       =      1.184
 vol(cm3) =  1.775E+07 rout(cm) =    172.776 zout(cm) =      5.873
 elong    =      1.787 utriang  =      0.744 ltriang  =      0.349
 a(cm)    =     56.522 lin(cm)  =     14.523 lout(cm) =      5.772
 ltop(cm) =     16.490 q*       =      3.874 rc(cm)   =    170.241
 zc(cm)   =     -2.667 bt0(t)   =      1.638 qout     =      7.212
INFO in efit at r=  0, t=  2400: Done processing
