
          EFITD Version  03/16/2022


 type mode (2=file, 3=snap, 4=time, 5=input, 6=com file, 7=snap_ext, 8=pefit):

 number of time slices?

 type input file names:
 #

      ******************** EFITD 65 x  65  output ********************
 table_dir = </fusion/projects/codes/efit/support_files/2006/181292/>

 r=  0 t=  2400 it=  1 chi2=4.13E+01 zm=-2.21E-02 err=1.809E+00 dz=-2.212E-02 delz= 0.000E+00 dj=0.000E+00
 r=  0 t=  2400 it=  2 chi2=2.50E+01 zm=-2.30E-02 err=1.013E-01 dz=-9.062E-04 delz= 0.000E+00 dj=0.000E+00
 r=  0 t=  2400 it=  3 chi2=2.50E+01 zm=-2.35E-02 err=3.691E-02 dz=-4.660E-04 delz= 0.000E+00 dj=0.000E+00
 r=  0 t=  2400 it=  4 chi2=3.64E+01 zm=-2.75E-02 err=1.185E-01 dz=-3.958E-03 delz= 6.417E-01 dj=1.547E-02
 r=  0 t=  2400 it=  5 chi2=2.12E+01 zm=-2.89E-02 err=6.698E-02 dz=-1.483E-03 delz= 0.000E+00 dj=1.547E-02
 r=  0 t=  2400 it=  6 chi2=2.14E+01 zm=-2.90E-02 err=3.337E-03 dz=-6.136E-05 delz= 0.000E+00 dj=1.547E-02
 r=  0 t=  2400 it=  7 chi2=2.32E+01 zm=-3.13E-02 err=3.880E-02 dz=-2.327E-03 delz= 3.066E-01 dj=6.756E-03
 r=  0 t=  2400 it=  8 chi2=2.11E+01 zm=-3.20E-02 err=1.255E-02 dz=-6.673E-04 delz= 8.740E-02 dj=1.847E-03
 r=  0 t=  2400 it=  9 chi2=2.10E+01 zm=-3.21E-02 err=1.942E-04 dz=-8.173E-05 delz= 6.020E-02 dj=1.299E-03
 r=  0 t=  2400 it= 10 chi2=2.10E+01 zm=-3.21E-02 err=5.774E-05 dz=-2.940E-05 delz= 5.954E-02 dj=1.280E-03
 Enter SHAPE kerror =             1            0

       data used:   
 39 flux loops
 69 magnetic probes(i)
  1 full rogowski
  0 diamagnetic loop


 shot #   =     186610 time(ms) =       2400 chi**2   =  2.090E+01
 betat(%) =      0.414 betap    =      0.109 li       =      1.127
 vol(cm3) =  1.780E+07 rout(cm) =    172.910 zout(cm) =      5.488
 elong    =      1.792 utriang  =      0.747 ltriang  =      0.352
 a(cm)    =     56.348 lin(cm)  =     14.830 lout(cm) =      5.812
 ltop(cm) =     16.872 q*       =      3.876 rc(cm)   =    170.188
 zc(cm)   =     -2.685 bt0(t)   =      1.638 qout     =      7.455
INFO in efitd at r=  0, t=  2400: Done processing
